Component: ARM Compiler 5.06 update 6 (build 750) Tool: armlink [4d35ed]

==============================================================================

Section Cross References

    main.o(i.interrupt_task) refers to noretval__2printf.o(.text) for __2printf
    main.o(i.interrupt_task) refers to delay.o(i.delay_xms) for delay_xms
    main.o(i.interrupt_task) refers to stm32l4xx_hal_gpio.o(i.HAL_GPIO_TogglePin) for HAL_GPIO_TogglePin
    main.o(i.interrupt_task) refers to tasks.o(i.vTaskDelay) for vTaskDelay
    main.o(i.interrupt_task) refers to main.o(.data) for total_num
    main.o(i.main) refers to stm32l4xx_hal.o(i.HAL_Init) for HAL_Init
    main.o(i.main) refers to sys.o(i.SystemClock_Config) for SystemClock_Config
    main.o(i.main) refers to delay.o(i.delay_init) for delay_init
    main.o(i.main) refers to led.o(i.LED_Init) for LED_Init
    main.o(i.main) refers to usart.o(i.uart_init) for uart_init
    main.o(i.main) refers to timer.o(i.TIM3_Init) for TIM3_Init
    main.o(i.main) refers to timer.o(i.TIM5_Init) for TIM5_Init
    main.o(i.main) refers to tasks.o(i.xTaskCreate) for xTaskCreate
    main.o(i.main) refers to tasks.o(i.vTaskStartScheduler) for vTaskStartScheduler
    main.o(i.main) refers to main.o(.data) for StartTask_Handler
    main.o(i.main) refers to main.o(i.start_task) for start_task
    main.o(i.start_task) refers to port.o(i.vPortEnterCritical) for vPortEnterCritical
    main.o(i.start_task) refers to tasks.o(i.xTaskCreate) for xTaskCreate
    main.o(i.start_task) refers to tasks.o(i.vTaskDelete) for vTaskDelete
    main.o(i.start_task) refers to port.o(i.vPortExitCritical) for vPortExitCritical
    main.o(i.start_task) refers to main.o(.data) for INTERRUPTTask_Handler
    main.o(i.start_task) refers to main.o(i.interrupt_task) for interrupt_task
    stm32l4xx_it.o(i.SysTick_Handler) refers to stm32l4xx_hal.o(i.HAL_IncTick) for HAL_IncTick
    stm32l4xx_it.o(i.SysTick_Handler) refers to stm32l4xx_hal_cortex.o(i.HAL_SYSTICK_IRQHandler) for HAL_SYSTICK_IRQHandler
    system_stm32l4xx.o(i.SystemCoreClockUpdate) refers to system_stm32l4xx.o(.constdata) for MSIRangeTable
    system_stm32l4xx.o(i.SystemCoreClockUpdate) refers to system_stm32l4xx.o(.data) for SystemCoreClock
    delay.o(i.SysTick_Handler) refers to tasks.o(i.xTaskGetSchedulerState) for xTaskGetSchedulerState
    delay.o(i.SysTick_Handler) refers to port.o(i.xPortSysTickHandler) for xPortSysTickHandler
    delay.o(i.SysTick_Handler) refers to stm32l4xx_hal.o(i.HAL_IncTick) for HAL_IncTick
    delay.o(i.delay_init) refers to stm32l4xx_hal_cortex.o(i.HAL_SYSTICK_CLKSourceConfig) for HAL_SYSTICK_CLKSourceConfig
    delay.o(i.delay_init) refers to delay.o(.data) for fac_us
    delay.o(i.delay_ms) refers to tasks.o(i.xTaskGetSchedulerState) for xTaskGetSchedulerState
    delay.o(i.delay_ms) refers to tasks.o(i.vTaskDelay) for vTaskDelay
    delay.o(i.delay_ms) refers to delay.o(i.delay_us) for delay_us
    delay.o(i.delay_ms) refers to delay.o(.data) for fac_ms
    delay.o(i.delay_us) refers to delay.o(.data) for fac_us
    delay.o(i.delay_xms) refers to delay.o(i.delay_us) for delay_us
    sys.o(i.SystemClock_Config) refers to stm32l4xx_hal_rcc.o(i.HAL_RCC_OscConfig) for HAL_RCC_OscConfig
    sys.o(i.SystemClock_Config) refers to stm32l4xx_hal_rcc.o(i.HAL_RCC_ClockConfig) for HAL_RCC_ClockConfig
    sys.o(i.SystemClock_Config) refers to stm32l4xx_hal_pwr_ex.o(i.HAL_PWREx_ControlVoltageScaling) for HAL_PWREx_ControlVoltageScaling
    usart.o(.rev16_text) refers (Special) to use_no_semi_2.o(.text) for __use_no_semihosting
    usart.o(.revsh_text) refers (Special) to use_no_semi_2.o(.text) for __use_no_semihosting
    usart.o(.rrx_text) refers (Special) to use_no_semi_2.o(.text) for __use_no_semihosting
    usart.o(i.HAL_UART_MspInit) refers (Special) to use_no_semi_2.o(.text) for __use_no_semihosting
    usart.o(i.HAL_UART_MspInit) refers to stm32l4xx_hal_gpio.o(i.HAL_GPIO_Init) for HAL_GPIO_Init
    usart.o(i.HAL_UART_MspInit) refers to stm32l4xx_hal_cortex.o(i.HAL_NVIC_EnableIRQ) for HAL_NVIC_EnableIRQ
    usart.o(i.HAL_UART_MspInit) refers to stm32l4xx_hal_cortex.o(i.HAL_NVIC_SetPriority) for HAL_NVIC_SetPriority
    usart.o(i.HAL_UART_RxCpltCallback) refers (Special) to use_no_semi_2.o(.text) for __use_no_semihosting
    usart.o(i.HAL_UART_RxCpltCallback) refers to usart.o(.data) for USART_RX_STA
    usart.o(i.HAL_UART_RxCpltCallback) refers to usart.o(.bss) for USART_RX_BUF
    usart.o(i.USART1_IRQHandler) refers (Special) to use_no_semi_2.o(.text) for __use_no_semihosting
    usart.o(i.USART1_IRQHandler) refers to stm32l4xx_hal_uart.o(i.HAL_UART_IRQHandler) for HAL_UART_IRQHandler
    usart.o(i.USART1_IRQHandler) refers to stm32l4xx_hal_uart.o(i.HAL_UART_GetState) for HAL_UART_GetState
    usart.o(i.USART1_IRQHandler) refers to stm32l4xx_hal_uart.o(i.HAL_UART_Receive_IT) for HAL_UART_Receive_IT
[...]
    i.HAL_Init                               0x08000968   Section        0  stm32l4xx_hal.o(i.HAL_Init)
    i.HAL_InitTick                           0x08000988   Section        0  stm32l4xx_hal.o(i.HAL_InitTick)
    i.HAL_MspInit                            0x080009b8   Section        0  stm32l4xx_hal_msp.o(i.HAL_MspInit)
    i.HAL_NVIC_EnableIRQ                     0x080009ba   Section        0  stm32l4xx_hal_cortex.o(i.HAL_NVIC_EnableIRQ)
    i.HAL_NVIC_SetPriority                   0x080009d4   Section        0  stm32l4xx_hal_cortex.o(i.HAL_NVIC_SetPriority)
    i.HAL_NVIC_SetPriorityGrouping           0x08000a58   Section        0  stm32l4xx_hal_cortex.o(i.HAL_NVIC_SetPriorityGrouping)
    i.HAL_PWREx_ControlVoltageScaling        0x08000a80   Section        0  stm32l4xx_hal_pwr_ex.o(i.HAL_PWREx_ControlVoltageScaling)
    i.HAL_PWREx_GetVoltageRange              0x08000b0c   Section        0  stm32l4xx_hal_pwr_ex.o(i.HAL_PWREx_GetVoltageRange)
    i.HAL_RCC_ClockConfig                    0x08000b1c   Section        0  stm32l4xx_hal_rcc.o(i.HAL_RCC_ClockConfig)
    i.HAL_RCC_GetHCLKFreq                    0x08000c94   Section        0  stm32l4xx_hal_rcc.o(i.HAL_RCC_GetHCLKFreq)
    i.HAL_RCC_GetPCLK1Freq                   0x08000ca0   Section        0  stm32l4xx_hal_rcc.o(i.HAL_RCC_GetPCLK1Freq)
    i.HAL_RCC_GetPCLK2Freq                   0x08000cc4   Section        0  stm32l4xx_hal_rcc.o(i.HAL_RCC_GetPCLK2Freq)
    i.HAL_RCC_GetSysClockFreq                0x08000ce8   Section        0  stm32l4xx_hal_rcc.o(i.HAL_RCC_GetSysClockFreq)
    i.HAL_RCC_OscConfig                      0x08000e04   Section        0  stm32l4xx_hal_rcc.o(i.HAL_RCC_OscConfig)
    i.HAL_SYSTICK_CLKSourceConfig            0x08001410   Section        0  stm32l4xx_hal_cortex.o(i.HAL_SYSTICK_CLKSourceConfig)
    i.HAL_SYSTICK_Config                     0x08001438   Section        0  stm32l4xx_hal_cortex.o(i.HAL_SYSTICK_Config)
    i.HAL_TIMEx_Break2Callback               0x0800146c   Section        0  stm32l4xx_hal_tim_ex.o(i.HAL_TIMEx_Break2Callback)
    i.HAL_TIMEx_BreakCallback                0x0800146e   Section        0  stm32l4xx_hal_tim_ex.o(i.HAL_TIMEx_BreakCallback)
    i.HAL_TIMEx_CommutationCallback          0x08001470   Section        0  stm32l4xx_hal_tim_ex.o(i.HAL_TIMEx_CommutationCallback)
    i.HAL_TIM_Base_Init                      0x08001472   Section        0  stm32l4xx_hal_tim.o(i.HAL_TIM_Base_Init)
    i.HAL_TIM_Base_MspInit                   0x080014a8   Section        0  timer.o(i.HAL_TIM_Base_MspInit)
    i.HAL_TIM_Base_Start_IT                  0x08001524   Section        0  stm32l4xx_hal_tim.o(i.HAL_TIM_Base_Start_IT)
    i.HAL_TIM_IC_CaptureCallback             0x08001568   Section        0  stm32l4xx_hal_tim.o(i.HAL_TIM_IC_CaptureCallback)
    i.HAL_TIM_IRQHandler                     0x0800156a   Section        0  stm32l4xx_hal_tim.o(i.HAL_TIM_IRQHandler)
    i.HAL_TIM_OC_DelayElapsedCallback        0x08001722   Section        0  stm32l4xx_hal_tim.o(i.HAL_TIM_OC_DelayElapsedCallback)
    i.HAL_TIM_PWM_PulseFinishedCallback      0x08001724   Section        0  stm32l4xx_hal_tim.o(i.HAL_TIM_PWM_PulseFinishedCallback)
    i.HAL_TIM_PeriodElapsedCallback          0x08001728   Section        0  timer.o(i.HAL_TIM_PeriodElapsedCallback)
    i.HAL_TIM_TriggerCallback                0x08001778   Section        0  stm32l4xx_hal_tim.o(i.HAL_TIM_TriggerCallback)
    i.HAL_UARTEx_WakeupCallback              0x0800177a   Section        0  stm32l4xx_hal_uart_ex.o(i.HAL_UARTEx_WakeupCallback)
    i.HAL_UART_ErrorCallback                 0x0800177c   Section        0  stm32l4xx_hal_uart.o(i.HAL_UART_ErrorCallback)
    i.HAL_UART_GetState                      0x0800177e   Section        0  stm32l4xx_hal_uart.o(i.HAL_UART_GetState)
    i.HAL_UART_IRQHandler                    0x08001794   Section        0  stm32l4xx_hal_uart.o(i.HAL_UART_IRQHandler)
    i.HAL_UART_Init                          0x08001920   Section        0  stm32l4xx_hal_uart.o(i.HAL_UART_Init)
    i.HAL_UART_MspInit                       0x08001998   Section        0  usart.o(i.HAL_UART_MspInit)
    i.HAL_UART_Receive_IT                    0x08001a28   Section        0  stm32l4xx_hal_uart.o(i.HAL_UART_Receive_IT)
    i.HAL_UART_RxCpltCallback                0x08001b08   Section        0  usart.o(i.HAL_UART_RxCpltCallback)
    i.HAL_UART_TxCpltCallback                0x08001b90   Section        0  stm32l4xx_hal_uart.o(i.HAL_UART_TxCpltCallback)
    i.HardFault_Handler                      0x08001b92   Section        0  stm32l4xx_it.o(i.HardFault_Handler)
    i.LED_Init                               0x08001b98   Section        0  led.o(i.LED_Init)
    i.MemManage_Handler                      0x08001be8   Section        0  stm32l4xx_it.o(i.MemManage_Handler)
    i.NMI_Handler                            0x08001bec   Section        0  stm32l4xx_it.o(i.NMI_Handler)
    i.NVIC_GetPriorityGrouping               0x08001bf0   Section        0  stm32l4xx_hal_cortex.o(i.NVIC_GetPriorityGrouping)
    NVIC_GetPriorityGrouping                 0x08001bf1   Thumb Code    10  stm32l4xx_hal_cortex.o(i.NVIC_GetPriorityGrouping)
    i.NVIC_SetPriority                       0x08001c00   Section        0  stm32l4xx_hal_cortex.o(i.NVIC_SetPriority)
    NVIC_SetPriority                         0x08001c01   Thumb Code    32  stm32l4xx_hal_cortex.o(i.NVIC_SetPriority)
    i.RCC_SetFlashLatencyFromMSIRange        0x08001c28   Section        0  stm32l4xx_hal_rcc.o(i.RCC_SetFlashLatencyFromMSIRange)
    RCC_SetFlashLatencyFromMSIRange          0x08001c29   Thumb Code   148  stm32l4xx_hal_rcc.o(i.RCC_SetFlashLatencyFromMSIRange)
    i.SysTick_Handler                        0x08001cc4   Section        0  delay.o(i.SysTick_Handler)
    i.SystemClock_Config                     0x08001cd8   Section        0  sys.o(i.SystemClock_Config)
    i.SystemInit                             0x08001d64   Section        0  system_stm32l4xx.o(i.SystemInit)
    i.TIM3_IRQHandler                        0x08001db4   Section        0  timer.o(i.TIM3_IRQHandler)
    i.TIM3_Init                              0x08001dc4   Section        0  timer.o(i.TIM3_Init)
    i.TIM5_IRQHandler                        0x08001df0   Section        0  timer.o(i.TIM5_IRQHandler)
    i.TIM5_Init                              0x08001e00   Section        0  timer.o(i.TIM5_Init)
    i.TIM_Base_SetConfig                     0x08001e2c   Section        0  stm32l4xx_hal_tim.o(i.TIM_Base_SetConfig)
    i.UART_AdvFeatureConfig                  0x08001ef8   Section        0  stm32l4xx_hal_uart.o(i.UART_AdvFeatureConfig)
    i.UART_CheckIdleState                    0x08001ff0   Section        0  stm32l4xx_hal_uart.o(i.UART_CheckIdleState)
    i.UART_DMAAbortOnError                   0x08002064   Section        0  stm32l4xx_hal_uart.o(i.UART_DMAAbortOnError)
    UART_DMAAbortOnError                     0x08002065   Thumb Code    24  stm32l4xx_hal_uart.o(i.UART_DMAAbortOnError)
    i.UART_EndRxTransfer                     0x0800207c   Section        0  stm32l4xx_hal_uart.o(i.UART_EndRxTransfer)
    UART_EndRxTransfer                       0x0800207d   Thumb Code    36  stm32l4xx_hal_uart.o(i.UART_EndRxTransfer)
    i.UART_EndTransmit_IT                    0x080020a0   Section        0  stm32l4xx_hal_uart.o(i.UART_EndTransmit_IT)
    UART_EndTransmit_IT                      0x080020a1   Thumb Code    34  stm32l4xx_hal_uart.o(i.UART_EndTransmit_IT)
    i.UART_RxISR_16BIT                       0x080020c2   Section        0  stm32l4xx_hal_uart.o(i.UART_RxISR_16BIT)
    UART_RxISR_16BIT                         0x080020c3   Thumb Code   108  stm32l4xx_hal_uart.o(i.UART_RxISR_16BIT)
    i.UART_RxISR_8BIT                        0x0800212e   Section        0  stm32l4xx_hal_uart.o(i.UART_RxISR_8BIT)
    UART_RxISR_8BIT                          0x0800212f   Thumb Code   102  stm32l4xx_hal_uart.o(i.UART_RxISR_8BIT)
    i.UART_SetConfig                         0x08002194   Section        0  stm32l4xx_hal_uart.o(i.UART_SetConfig)
    i.UART_WaitOnFlagUntilTimeout            0x08002626   Section        0  stm32l4xx_hal_uart.o(i.UART_WaitOnFlagUntilTimeout)
    i.USART1_IRQHandler                      0x08002694   Section        0  usart.o(i.USART1_IRQHandler)
    i.UsageFault_Handler                     0x080026e4   Section        0  stm32l4xx_it.o(i.UsageFault_Handler)
    i._sys_exit                              0x080026e8   Section        0  usart.o(i._sys_exit)
    i.delay_init                             0x080026ec   Section        0  delay.o(i.delay_init)
    i.delay_us                               0x08002730   Section        0  delay.o(i.delay_us)
    i.delay_xms                              0x08002778   Section        0  delay.o(i.delay_xms)
    i.fputc                                  0x08002790   Section        0  usart.o(i.fputc)
    i.interrupt_task                         0x080027ac   Section        0  main.o(i.interrupt_task)
    i.main                                   0x08002844   Section        0  main.o(i.main)
    i.prvAddCurrentTaskToDelayedList         0x080028a8   Section        0  tasks.o(i.prvAddCurrentTaskToDelayedList)
    prvAddCurrentTaskToDelayedList           0x080028a9   Thumb Code   124  tasks.o(i.prvAddCurrentTaskToDelayedList)
    i.prvAddNewTaskToReadyList               0x08002940   Section        0  tasks.o(i.prvAddNewTaskToReadyList)
    prvAddNewTaskToReadyList                 0x08002941   Thumb Code   156  tasks.o(i.prvAddNewTaskToReadyList)
    i.prvCheckForValidListAndQueue           0x080029f8   Section        0  timers.o(i.prvCheckForValidListAndQueue)
    prvCheckForValidListAndQueue             0x080029f9   Thumb Code    72  timers.o(i.prvCheckForValidListAndQueue)
    i.prvCheckTasksWaitingTermination        0x08002a5c   Section        0  tasks.o(i.prvCheckTasksWaitingTermination)
    prvCheckTasksWaitingTermination          0x08002a5d   Thumb Code    60  tasks.o(i.prvCheckTasksWaitingTermination)
    i.prvCopyDataFromQueue                   0x08002aa4   Section        0  queue.o(i.prvCopyDataFromQueue)
    prvCopyDataFromQueue                     0x08002aa5   Thumb Code    42  queue.o(i.prvCopyDataFromQueue)
    i.prvCopyDataToQueue                     0x08002ace   Section        0  queue.o(i.prvCopyDataToQueue)
    prvCopyDataToQueue                       0x08002acf   Thumb Code   124  queue.o(i.prvCopyDataToQueue)
    i.prvDeleteTCB                           0x08002b4a   Section        0  tasks.o(i.prvDeleteTCB)
    prvDeleteTCB                             0x08002b4b   Thumb Code    18  tasks.o(i.prvDeleteTCB)
    i.prvGetNextExpireTime                   0x08002b5c   Section        0  timers.o(i.prvGetNextExpireTime)
    prvGetNextExpireTime                     0x08002b5d   Thumb Code    36  timers.o(i.prvGetNextExpireTime)
    i.prvHeapInit                            0x08002b84   Section        0  heap_4.o(i.prvHeapInit)
    prvHeapInit                              0x08002b85   Thumb Code    98  heap_4.o(i.prvHeapInit)
    i.prvIdleTask                            0x08002c00   Section        0  tasks.o(i.prvIdleTask)
    prvIdleTask                              0x08002c01   Thumb Code    32  tasks.o(i.prvIdleTask)
    i.prvInitialiseNewQueue                  0x08002c28   Section        0  queue.o(i.prvInitialiseNewQueue)
    prvInitialiseNewQueue                    0x08002c29   Thumb Code    42  queue.o(i.prvInitialiseNewQueue)
    i.prvInitialiseNewTask                   0x08002c52   Section        0  tasks.o(i.prvInitialiseNewTask)
    prvInitialiseNewTask                     0x08002c53   Thumb Code   180  tasks.o(i.prvInitialiseNewTask)
    i.prvInitialiseTaskLists                 0x08002d0c   Section        0  tasks.o(i.prvInitialiseTaskLists)
    prvInitialiseTaskLists                   0x08002d0d   Thumb Code    70  tasks.o(i.prvInitialiseTaskLists)
    i.prvInsertBlockIntoFreeList             0x08002d74   Section        0  heap_4.o(i.prvInsertBlockIntoFreeList)
    prvInsertBlockIntoFreeList               0x08002d75   Thumb Code    96  heap_4.o(i.prvInsertBlockIntoFreeList)
    i.prvInsertTimerInActiveList             0x08002ddc   Section        0  timers.o(i.prvInsertTimerInActiveList)
    prvInsertTimerInActiveList               0x08002ddd   Thumb Code    80  timers.o(i.prvInsertTimerInActiveList)
    i.prvIsQueueEmpty                        0x08002e34   Section        0  queue.o(i.prvIsQueueEmpty)
    prvIsQueueEmpty                          0x08002e35   Thumb Code    26  queue.o(i.prvIsQueueEmpty)
    i.prvIsQueueFull                         0x08002e4e   Section        0  queue.o(i.prvIsQueueFull)
    prvIsQueueFull                           0x08002e4f   Thumb Code    30  queue.o(i.prvIsQueueFull)
    i.prvProcessExpiredTimer                 0x08002e6c   Section        0  timers.o(i.prvProcessExpiredTimer)
    prvProcessExpiredTimer                   0x08002e6d   Thumb Code    94  timers.o(i.prvProcessExpiredTimer)
    i.prvProcessReceivedCommands             0x08002ed0   Section        0  timers.o(i.prvProcessReceivedCommands)
    prvProcessReceivedCommands               0x08002ed1   Thumb Code   240  timers.o(i.prvProcessReceivedCommands)
    i.prvProcessTimerOrBlockTask             0x08002fc4   Section        0  timers.o(i.prvProcessTimerOrBlockTask)
    prvProcessTimerOrBlockTask               0x08002fc5   Thumb Code   102  timers.o(i.prvProcessTimerOrBlockTask)
    i.prvResetNextTaskUnblockTime            0x08003038   Section        0  tasks.o(i.prvResetNextTaskUnblockTime)
    prvResetNextTaskUnblockTime              0x08003039   Thumb Code    42  tasks.o(i.prvResetNextTaskUnblockTime)
    i.prvSampleTimeNow                       0x0800306c   Section        0  timers.o(i.prvSampleTimeNow)
    prvSampleTimeNow                         0x0800306d   Thumb Code    40  timers.o(i.prvSampleTimeNow)
    i.prvSwitchTimerLists                    0x08003098   Section        0  timers.o(i.prvSwitchTimerLists)
    prvSwitchTimerLists                      0x08003099   Thumb Code   150  timers.o(i.prvSwitchTimerLists)
    i.prvTaskExitError                       0x08003138   Section        0  port.o(i.prvTaskExitError)
    prvTaskExitError                         0x08003139   Thumb Code    60  port.o(i.prvTaskExitError)
    i.prvTimerTask                           0x08003178   Section        0  timers.o(i.prvTimerTask)
    prvTimerTask                             0x08003179   Thumb Code    26  timers.o(i.prvTimerTask)
    i.prvUnlockQueue                         0x08003192   Section        0  queue.o(i.prvUnlockQueue)
    prvUnlockQueue                           0x08003193   Thumb Code   126  queue.o(i.prvUnlockQueue)
    i.pvPortMalloc                           0x08003210   Section        0  heap_4.o(i.pvPortMalloc)
    i.pxPortInitialiseStack                  0x0800334c   Section        0  port.o(i.pxPortInitialiseStack)
    i.start_task                             0x08003378   Section        0  main.o(i.start_task)
    i.uart_init                              0x080033c0   Section        0  usart.o(i.uart_init)
    i.uxListRemove                           0x080033f8   Section        0  list.o(i.uxListRemove)
    i.vListInitialise                        0x08003420   Section        0  list.o(i.vListInitialise)
    i.vListInitialiseItem                    0x0800343a   Section        0  list.o(i.vListInitialiseItem)
    i.vListInsert                            0x08003440   Section        0  list.o(i.vListInsert)
    i.vListInsertEnd                         0x08003474   Section        0  list.o(i.vListInsertEnd)
    i.vPortEnterCritical                     0x0800348c   Section        0  port.o(i.vPortEnterCritical)
    i.vPortExitCritical                      0x080034e0   Section        0  port.o(i.vPortExitCritical)
    i.vPortFree                              0x0800351c   Section        0  heap_4.o(i.vPortFree)
    i.vPortSetupTimerInterrupt               0x080035b0   Section        0  port.o(i.vPortSetupTimerInterrupt)
    i.vPortValidateInterruptPriority         0x080035d8   Section        0  port.o(i.vPortValidateInterruptPriority)
    i.vQueueAddToRegistry                    0x08003650   Section        0  queue.o(i.vQueueAddToRegistry)
    i.vQueueWaitForMessageRestricted         0x0800367c   Section        0  queue.o(i.vQueueWaitForMessageRestricted)
    i.vTaskDelay                             0x080036c8   Section        0  tasks.o(i.vTaskDelay)
    i.vTaskDelete                            0x08003724   Section        0  tasks.o(i.vTaskDelete)
    i.vTaskInternalSetTimeOutState           0x08003818   Section        0  tasks.o(i.vTaskInternalSetTimeOutState)
    i.vTaskMissedYield                       0x08003830   Section        0  tasks.o(i.vTaskMissedYield)
    i.vTaskPlaceOnEventList                  0x0800383c   Section        0  tasks.o(i.vTaskPlaceOnEventList)
    i.vTaskPlaceOnEventListRestricted        0x08003874   Section        0  tasks.o(i.vTaskPlaceOnEventListRestricted)
    i.vTaskStartScheduler                    0x080038b4   Section        0  tasks.o(i.vTaskStartScheduler)
    i.vTaskSuspendAll                        0x08003948   Section        0  tasks.o(i.vTaskSuspendAll)
    i.vTaskSwitchContext                     0x08003958   Section        0  tasks.o(i.vTaskSwitchContext)
    i.xPortStartScheduler                    0x080039e4   Section        0  port.o(i.xPortStartScheduler)
    i.xPortSysTickHandler                    0x08003b4c   Section        0  port.o(i.xPortSysTickHandler)
    i.xQueueGenericCreate                    0x08003b80   Section        0  queue.o(i.xQueueGenericCreate)
    i.xQueueGenericReset                     0x08003bd8   Section        0  queue.o(i.xQueueGenericReset)
    i.xQueueGenericSend                      0x08003c70   Section        0  queue.o(i.xQueueGenericSend)
    i.xQueueGenericSendFromISR               0x08003e18   Section        0  queue.o(i.xQueueGenericSendFromISR)
    i.xQueueReceive                          0x08003f18   Section        0  queue.o(i.xQueueReceive)
    i.xTaskCheckForTimeOut                   0x08004080   Section        0  tasks.o(i.xTaskCheckForTimeOut)
    i.xTaskCreate                            0x0800410c   Section        0  tasks.o(i.xTaskCreate)
    i.xTaskGetSchedulerState                 0x08004174   Section        0  tasks.o(i.xTaskGetSchedulerState)
    i.xTaskGetTickCount                      0x08004194   Section        0  tasks.o(i.xTaskGetTickCount)
    i.xTaskIncrementTick                     0x080041a0   Section        0  tasks.o(i.xTaskIncrementTick)
    i.xTaskPriorityDisinherit                0x080042e8   Section        0  tasks.o(i.xTaskPriorityDisinherit)
    i.xTaskRemoveFromEventList               0x080043b0   Section        0  tasks.o(i.xTaskRemoveFromEventList)
    i.xTaskResumeAll                         0x08004448   Section        0  tasks.o(i.xTaskResumeAll)
    i.xTimerCreateTimerTask                  0x0800454c   Section        0  timers.o(i.xTimerCreateTimerTask)
    i.xTimerGenericCommand                   0x080045a4   Section        0  timers.o(i.xTimerGenericCommand)
    x$fpl$fpinit                             0x0800462e   Section       10  fpinit.o(x$fpl$fpinit)
    $v0                                      0x0800462e   Number         0  fpinit.o(x$fpl$fpinit)
    .constdata                               0x08004638   Section       72  system_stm32l4xx.o(.constdata)
    .data                                    0x20000000   Section       12  main.o(.data)
    total_num                                0x20000008   Data           4  main.o(.data)
    .data                                    0x2000000c   Section        4  system_stm32l4xx.o(.data)
    .data                                    0x20000010   Section        6  delay.o(.data)
    fac_us                                   0x20000010   Data           4  delay.o(.data)
    fac_ms                                   0x20000014   Data           2  delay.o(.data)
    .data                                    0x20000018   Section        7  usart.o(.data)
    .data                                    0x20000020   Section        4  stm32l4xx_hal.o(.data)
    .data                                    0x20000024   Section       60  tasks.o(.data)
    pxDelayedTaskList                        0x20000028   Data           4  tasks.o(.data)
    pxOverflowDelayedTaskList                0x2000002c   Data           4  tasks.o(.data)
    uxDeletedTasksWaitingCleanUp             0x20000030   Data           4  tasks.o(.data)
    uxCurrentNumberOfTasks                   0x20000034   Data           4  tasks.o(.data)
    xTickCount                               0x20000038   Data           4  tasks.o(.data)
    uxTopReadyPriority                       0x2000003c   Data           4  tasks.o(.data)
    xSchedulerRunning                        0x20000040   Data           4  tasks.o(.data)
    uxPendedTicks                            0x20000044   Data           4  tasks.o(.data)
    xYieldPending                            0x20000048   Data           4  tasks.o(.data)
    xNumOfOverflows                          0x2000004c   Data           4  tasks.o(.data)
    uxTaskNumber                             0x20000050   Data           4  tasks.o(.data)
    xNextTaskUnblockTime                     0x20000054   Data           4  tasks.o(.data)
    xIdleTaskHandle                          0x20000058   Data           4  tasks.o(.data)
    uxSchedulerSuspended                     0x2000005c   Data           4  tasks.o(.data)
    .data                                    0x20000060   Section       20  timers.o(.data)
    pxCurrentTimerList                       0x20000060   Data           4  timers.o(.data)
    pxOverflowTimerList                      0x20000064   Data           4  timers.o(.data)
    xTimerQueue                              0x20000068   Data           4  timers.o(.data)
    xTimerTaskHandle                         0x2000006c   Data           4  timers.o(.data)
    xLastTime                                0x20000070   Data           4  timers.o(.data)
    .data                                    0x20000074   Section       24  heap_4.o(.data)
    xStart                                   0x20000074   Data           8  heap_4.o(.data)
    pxEnd                                    0x2000007c   Data           4  heap_4.o(.data)
    xFreeBytesRemaining                      0x20000080   Data           4  heap_4.o(.data)
    xMinimumEverFreeBytesRemaining           0x20000084   Data           4  heap_4.o(.data)
    xBlockAllocatedBit                       0x20000088   Data           4  heap_4.o(.data)
    .data                                    0x2000008c   Section       12  port.o(.data)
    uxCriticalNesting                        0x2000008c   Data           4  port.o(.data)
    ucMaxSysCallPriority                     0x20000090   Data           1  port.o(.data)
    ulMaxPRIGROUPValue                       0x20000094   Data           4  port.o(.data)
    .bss                                     0x20000098   Section      320  usart.o(.bss)
    .bss                                     0x200001d8   Section       64  queue.o(.bss)
    .bss                                     0x20000218   Section      200  tasks.o(.bss)
    pxReadyTasksLists                        0x20000218   Data         100  tasks.o(.bss)
    xDelayedTaskList1                        0x2000027c   Data          20  tasks.o(.bss)
    xDelayedTaskList2                        0x20000290   Data          20  tasks.o(.bss)
    xPendingReadyList                        0x200002a4   Data          20  tasks.o(.bss)
    xTasksWaitingTermination                 0x200002b8   Data          20  tasks.o(.bss)
    xSuspendedTaskList                       0x200002cc   Data          20  tasks.o(.bss)
    .bss                                     0x200002e0   Section       40  timers.o(.bss)
    xActiveTimerList1                        0x200002e0   Data          20  timers.o(.bss)
    xActiveTimerList2                        0x200002f4   Data          20  timers.o(.bss)
    .bss                                     0x20000308   Section    76800  heap_4.o(.bss)
    ucHeap                                   0x20000308   Data       76800  heap_4.o(.bss)
    .bss                                     0x20012f08   Section      128  timer.o(.bss)
    .bss                                     0x20012f88   Section       96  libspace.o(.bss)
    HEAP                                     0x20012fe8   Section      512  startup_stm32l475xx.o(HEAP)
    Heap_Mem                                 0x20012fe8   Data         512  startup_stm32l475xx.o(HEAP)
    STACK                                    0x200131e8   Section     1024  startup_stm32l475xx.o(STACK)
    Stack_Mem                                0x200131e8   Data        1024  startup_stm32l475xx.o(STACK)
    __initial_sp                             0x200135e8   Data           0  startup_stm32l475xx.o(STACK)

    Global Symbols

    Symbol Name                              Value     Ov Type        Size  Object(Section)

    BuildAttributes$$THM_ISAv4$E$P$D$K$B$S$7EM$VFPi3$EXTD16$VFPS$VFMA$PE$A:L22UL41UL21$X:L11$S22US41US21$IEEE1$IW$USESV6$~STKCKD$USESV7$~SHL$OSPACE$ROPI$EBA8$UX$STANDARDLIB$REQ8$PRES8$EABIv2 0x00000000   Number         0  anon$$obj.o ABSOLUTE
    __ARM_use_no_argv                        0x00000000   Number         0  main.o ABSOLUTE
    __ARM_exceptions_init                     - Undefined Weak Reference
    __alloca_initialize                       - Undefined Weak Reference
    __arm_preinit_                            - Undefined Weak Reference
    __cpp_initialize__aeabi_                  - Undefined Weak Reference
    __cxa_finalize                            - Undefined Weak Reference
    __rt_locale                               - Undefined Weak Reference
    __sigvec_lookup                           - Undefined Weak Reference
    _atexit_init                              - Undefined Weak Reference
    _call_atexit_fns                          - Undefined Weak Reference
    _clock_init                               - Undefined Weak Reference
    _fp_trap_init                             - Undefined Weak Reference
    _fp_trap_shutdown                         - Undefined Weak Reference
    _get_lc_collate                           - Undefined Weak Reference
    _get_lc_ctype                             - Undefined Weak Reference
    _get_lc_monetary                          - Undefined Weak Reference
    _get_lc_numeric                           - Undefined Weak Reference
    _get_lc_time                              - Undefined Weak Reference
    _getenv_init                              - Undefined Weak Reference
    _handle_redirection                       - Undefined Weak Reference
    _init_alloc                               - Undefined Weak Reference
    _init_user_alloc                          - Undefined Weak Reference
    _initio                                   - Undefined Weak Reference
    _mutex_acquire                            - Undefined Weak Reference
    _mutex_release                            - Undefined Weak Reference
    _rand_init                                - Undefined Weak Reference
    _signal_finish                            - Undefined Weak Reference
    _signal_init                              - Undefined Weak Reference
    _terminate_alloc                          - Undefined Weak Reference
    _terminate_user_alloc                     - Undefined Weak Reference
    _terminateio                              - Undefined Weak Reference
    __Vectors_Size                           0x00000188   Number         0  startup_stm32l475xx.o ABSOLUTE
    __Vectors                                0x08000000   Data           4  startup_stm32l475xx.o(RESET)
    __Vectors_End                            0x08000188   Data           0  startup_stm32l475xx.o(RESET)
    __main                                   0x08000189   Thumb Code     8  __main.o(!!!main)
    __scatterload                            0x08000191   Thumb Code     0  __scatter.o(!!!scatter)
    __scatterload_rt2                        0x08000191   Thumb Code    44  __scatter.o(!!!scatter)
    __scatterload_rt2_thumb_only             0x08000191   Thumb Code     0  __scatter.o(!!!scatter)
    __scatterload_null                       0x0800019f   Thumb Code     0  __scatter.o(!!!scatter)
    __scatterload_copy                       0x080001c5   Thumb Code    26  __scatter_copy.o(!!handler_copy)
    __scatterload_zeroinit                   0x080001e1   Thumb Code    28  __scatter_zi.o(!!handler_zi)
    __rt_lib_init                            0x080001fd   Thumb Code     0  libinit.o(.ARM.Collect$$libinit$$00000000)
    __rt_lib_init_fp_1                       0x080001ff   Thumb Code     0  libinit2.o(.ARM.Collect$$libinit$$00000001)
    __rt_lib_init_alloca_1                   0x08000203   Thumb Code     0  libinit2.o(.ARM.Collect$$libinit$$0000002E)
    __rt_lib_init_argv_1                     0x08000203   Thumb Code     0  libinit2.o(.ARM.Collect$$libinit$$0000002C)
    __rt_lib_init_atexit_1                   0x08000203   Thumb Code     0  libinit2.o(.ARM.Collect$$libinit$$0000001B)
    __rt_lib_init_clock_1                    0x08000203   Thumb Code     0  libinit2.o(.ARM.Collect$$libinit$$00000021)
    __rt_lib_init_cpp_1                      0x08000203   Thumb Code     0  libinit2.o(.ARM.Collect$$libinit$$00000032)
    __rt_lib_init_exceptions_1               0x08000203   Thumb Code     0  libinit2.o(.ARM.Collect$$libinit$$00000030)
    __rt_lib_init_fp_trap_1                  0x08000203   Thumb Code     0  libinit2.o(.ARM.Collect$$libinit$$0000001F)
    __rt_lib_init_getenv_1                   0x08000203   Thumb Code     0  libinit2.o(.ARM.Collect$$libinit$$00000023)
    __rt_lib_init_heap_1                     0x08000203   Thumb Code     0  libinit2.o(.ARM.Collect$$libinit$$0000000A)
    __rt_lib_init_lc_collate_1               0x08000203   Thumb Code     0  libinit2.o(.ARM.Collect$$libinit$$00000011)
    __rt_lib_init_lc_ctype_1                 0x08000203   Thumb Code     0  libinit2.o(.ARM.Collect$$libinit$$00000013)
    __rt_lib_init_lc_monetary_1              0x08000203   Thumb Code     0  libinit2.o(.ARM.Collect$$libinit$$00000015)
    __rt_lib_init_lc_numeric_1               0x08000203   Thumb Code     0  libinit2.o(.ARM.Collect$$libinit$$00000017)
    __rt_lib_init_lc_time_1                  0x08000203   Thumb Code     0  libinit2.o(.ARM.Collect$$libinit$$00000019)
    __rt_lib_init_preinit_1                  0x08000203   Thumb Code     0  libinit2.o(.ARM.Collect$$libinit$$00000004)
    __rt_lib_init_rand_1                     0x08000203   Thumb Code     0  libinit2.o(.ARM.Collect$$libinit$$0000000E)
    __rt_lib_init_return                     0x08000203   Thumb Code     0  libinit2.o(.ARM.Collect$$libinit$$00000033)
    __rt_lib_init_signal_1                   0x08000203   Thumb Code     0  libinit2.o(.ARM.Collect$$libinit$$0000001D)
    __rt_lib_init_stdio_1                    0x08000203   Thumb Code     0  libinit2.o(.ARM.Collect$$libinit$$00000025)
    __rt_lib_init_user_alloc_1               0x08000203   Thumb Code     0  libinit2.o(.ARM.Collect$$libinit$$0000000C)
    __rt_lib_shutdown                        0x08000205   Thumb Code     0  libshutdown.o(.ARM.Collect$$libshutdown$$00000000)
    __rt_lib_shutdown_cpp_1                  0x08000207   Thumb Code     0  libshutdown2.o(.ARM.Collect$$libshutdown$$00000002)
    __rt_lib_shutdown_fp_trap_1              0x08000207   Thumb Code     0  libshutdown2.o(.ARM.Collect$$libshutdown$$00000007)
    __rt_lib_shutdown_heap_1                 0x08000207   Thumb Code     0  libshutdown2.o(.ARM.Collect$$libshutdown$$0000000F)
    __rt_lib_shutdown_return                 0x08000207   Thumb Code     0  libshutdown2.o(.ARM.Collect$$libshutdown$$00000010)
    __rt_lib_shutdown_signal_1               0x08000207   Thumb Code     0  libshutdown2.o(.ARM.Collect$$libshutdown$$0000000A)
    __rt_lib_shutdown_stdio_1                0x08000207   Thumb Code     0  libshutdown2.o(.ARM.Collect$$libshutdown$$00000004)
    __rt_lib_shutdown_user_alloc_1           0x08000207   Thumb Code     0  libshutdown2.o(.ARM.Collect$$libshutdown$$0000000C)
    __rt_entry                               0x08000209   Thumb Code     0  __rtentry.o(.ARM.Collect$$rtentry$$00000000)
    __rt_entry_presh_1                       0x08000209   Thumb Code     0  __rtentry2.o(.ARM.Collect$$rtentry$$00000002)
    __rt_entry_sh                            0x08000209   Thumb Code     0  __rtentry4.o(.ARM.Collect$$rtentry$$00000004)
    __rt_entry_li                            0x0800020f   Thumb Code     0  __rtentry2.o(.ARM.Collect$$rtentry$$0000000A)
    __rt_entry_postsh_1                      0x0800020f   Thumb Code     0  __rtentry2.o(.ARM.Collect$$rtentry$$00000009)
    __rt_entry_main                          0x08000213   Thumb Code     0  __rtentry2.o(.ARM.Collect$$rtentry$$0000000D)
    __rt_entry_postli_1                      0x08000213   Thumb Code     0  __rtentry2.o(.ARM.Collect$$rtentry$$0000000C)
    __rt_exit                                0x0800021b   Thumb Code     0  rtexit.o(.ARM.Collect$$rtexit$$00000000)
    __rt_exit_ls                             0x0800021d   Thumb Code     0  rtexit2.o(.ARM.Collect$$rtexit$$00000003)
    __rt_exit_prels_1                        0x0800021d   Thumb Code     0  rtexit2.o(.ARM.Collect$$rtexit$$00000002)
    __rt_exit_exit                           0x08000221   Thumb Code     0  rtexit2.o(.ARM.Collect$$rtexit$$00000004)
    SVC_Handler                              0x08000229   Thumb Code    28  port.o(.emb_text)
    __asm___6_port_c_39a90d8d__prvStartFirstTask 0x08000249   Thumb Code    36  port.o(.emb_text)
    __asm___6_port_c_39a90d8d__prvEnableVFP  0x08000271   Thumb Code    16  port.o(.emb_text)
    PendSV_Handler                           0x08000285   Thumb Code    88  port.o(.emb_text)
    vPortGetIPSR                             0x080002e1   Thumb Code     6  port.o(.emb_text)
    Reset_Handler                            0x08000309   Thumb Code     8  startup_stm32l475xx.o(.text)
    ADC1_2_IRQHandler                        0x08000323   Thumb Code     0  startup_stm32l475xx.o(.text)
    ADC3_IRQHandler                          0x08000323   Thumb Code     0  startup_stm32l475xx.o(.text)
    CAN1_RX0_IRQHandler                      0x08000323   Thumb Code     0  startup_stm32l475xx.o(.text)
    CAN1_RX1_IRQHandler                      0x08000323   Thumb Code     0  startup_stm32l475xx.o(.text)
    CAN1_SCE_IRQHandler                      0x08000323   Thumb Code     0  startup_stm32l475xx.o(.text)
    CAN1_TX_IRQHandler                       0x08000323   Thumb Code     0  startup_stm32l475xx.o(.text)
    COMP_IRQHandler                          0x08000323   Thumb Code     0  startup_stm32l475xx.o(.text)
    DFSDM1_FLT0_IRQHandler                   0x08000323   Thumb Code     0  startup_stm32l475xx.o(.text)
    DFSDM1_FLT1_IRQHandler                   0x08000323   Thumb Code     0  startup_stm32l475xx.o(.text)
    DFSDM1_FLT2_IRQHandler                   0x08000323   Thumb Code     0  startup_stm32l475xx.o(.text)
    DFSDM1_FLT3_IRQHandler                   0x08000323   Thumb Code     0  startup_stm32l475xx.o(.text)
    DMA1_Channel1_IRQHandler                 0x08000323   Thumb Code     0  startup_stm32l475xx.o(.text)
    DMA1_Channel2_IRQHandler                 0x08000323   Thumb Code     0  startup_stm32l475xx.o(.text)
    DMA1_Channel3_IRQHandler                 0x08000323   Thumb Code     0  startup_stm32l475xx.o(.text)
    DMA1_Channel4_IRQHandler                 0x08000323   Thumb Code     0  startup_stm32l475xx.o(.text)
    DMA1_Channel5_IRQHandler                 0x08000323   Thumb Code     0  startup_stm32l475xx.o(.text)
    DMA1_Channel6_IRQHandler                 0x08000323   Thumb Code     0  startup_stm32l475xx.o(.text)
    DMA1_Channel7_IRQHandler                 0x08000323   Thumb Code     0  startup_stm32l475xx.o(.text)
    DMA2_Channel1_IRQHandler                 0x08000323   Thumb Code     0  startup_stm32l475xx.o(.text)
    DMA2_Channel2_IRQHandler                 0x08000323   Thumb Code     0  startup_stm32l475xx.o(.text)
    DMA2_Channel3_IRQHandler                 0x08000323   Thumb Code     0  startup_stm32l475xx.o(.text)
    DMA2_Channel4_IRQHandler                 0x08000323   Thumb Code     0  startup_stm32l475xx.o(.text)
    DMA2_Channel5_IRQHandler                 0x08000323   Thumb Code     0  startup_stm32l475xx.o(.text)
    DMA2_Channel6_IRQHandler                 0x08000323   Thumb Code     0  startup_stm32l475xx.o(.text)
    DMA2_Channel7_IRQHandler                 0x08000323   Thumb Code     0  startup_stm32l475xx.o(.text)
    EXTI0_IRQHandler                         0x08000323   Thumb Code     0  startup_stm32l475xx.o(.text)
    EXTI15_10_IRQHandler                     0x08000323   Thumb Code     0  startup_stm32l475xx.o(.text)
    EXTI1_IRQHandler                         0x08000323   Thumb Code     0  startup_stm32l475xx.o(.text)
    EXTI2_IRQHandler                         0x08000323   Thumb Code     0  startup_stm32l475xx.o(.text)
    EXTI3_IRQHandler                         0x08000323   Thumb Code     0  startup_stm32l475xx.o(.text)
    EXTI4_IRQHandler                         0x08000323   Thumb Code     0  startup_stm32l475xx.o(.text)
    EXTI9_5_IRQHandler                       0x08000323   Thumb Code     0  startup_stm32l475xx.o(.text)
    FLASH_IRQHandler                         0x08000323   Thumb Code     0  startup_stm32l475xx.o(.text)
    FMC_IRQHandler                           0x08000323   Thumb Code     0  startup_stm32l475xx.o(.text)
    FPU_IRQHandler                           0x08000323   Thumb Code     0  startup_stm32l475xx.o(.text)
    I2C1_ER_IRQHandler                       0x08000323   Thumb Code     0  startup_stm32l475xx.o(.text)
    I2C1_EV_IRQHandler                       0x08000323   Thumb Code     0  startup_stm32l475xx.o(.text)
    I2C2_ER_IRQHandler                       0x08000323   Thumb Code     0  startup_stm32l475xx.o(.text)
    I2C2_EV_IRQHandler                       0x08000323   Thumb Code     0  startup_stm32l475xx.o(.text)
    I2C3_ER_IRQHandler                       0x08000323   Thumb Code     0  startup_stm32l475xx.o(.text)
    I2C3_EV_IRQHandler                       0x08000323   Thumb Code     0  startup_stm32l475xx.o(.text)
    LPTIM1_IRQHandler                        0x08000323   Thumb Code     0  startup_stm32l475xx.o(.text)
    LPTIM2_IRQHandler                        0x08000323   Thumb Code     0  startup_stm32l475xx.o(.text)
    LPUART1_IRQHandler                       0x08000323   Thumb Code     0  startup_stm32l475xx.o(.text)
    OTG_FS_IRQHandler                        0x08000323   Thumb Code     0  startup_stm32l475xx.o(.text)
    PVD_PVM_IRQHandler                       0x08000323   Thumb Code     0  startup_stm32l475xx.o(.text)
    QUADSPI_IRQHandler                       0x08000323   Thumb Code     0  startup_stm32l475xx.o(.text)
    RCC_IRQHandler                           0x08000323   Thumb Code     0  startup_stm32l475xx.o(.text)
    RNG_IRQHandler                           0x08000323   Thumb Code     0  startup_stm32l475xx.o(.text)
    RTC_Alarm_IRQHandler                     0x08000323   Thumb Code     0  startup_stm32l475xx.o(.text)
    RTC_WKUP_IRQHandler                      0x08000323   Thumb Code     0  startup_stm32l475xx.o(.text)
    SAI1_IRQHandler                          0x08000323   Thumb Code     0  startup_stm32l475xx.o(.text)
    SAI2_IRQHandler                          0x08000323   Thumb Code     0  startup_stm32l475xx.o(.text)
    SDMMC1_IRQHandler                        0x08000323   Thumb Code     0  startup_stm32l475xx.o(.text)
    SPI1_IRQHandler                          0x08000323   Thumb Code     0  startup_stm32l475xx.o(.text)
    SPI2_IRQHandler                          0x08000323   Thumb Code     0  startup_stm32l475xx.o(.text)
    SPI3_IRQHandler                          0x08000323   Thumb Code     0  startup_stm32l475xx.o(.text)
    SWPMI1_IRQHandler                        0x08000323   Thumb Code     0  startup_stm32l475xx.o(.text)
    TAMP_STAMP_IRQHandler                    0x08000323   Thumb Code     0  startup_stm32l475xx.o(.text)
    TIM1_BRK_TIM15_IRQHandler                0x08000323   Thumb Code     0  startup_stm32l475xx.o(.text)
    TIM1_CC_IRQHandler                       0x08000323   Thumb Code     0  startup_stm32l475xx.o(.text)
    TIM1_TRG_COM_TIM17_IRQHandler            0x08000323   Thumb Code     0  startup_stm32l475xx.o(.text)
    TIM1_UP_TIM16_IRQHandler                 0x08000323   Thumb Code     0  startup_stm32l475xx.o(.text)
    TIM2_IRQHandler                          0x08000323   Thumb Code     0  startup_stm32l475xx.o(.text)
    TIM4_IRQHandler                          0x08000323   Thumb Code     0  startup_stm32l475xx.o(.text)
    TIM6_DAC_IRQHandler                      0x08000323   Thumb Code     0  startup_stm32l475xx.o(.text)
    TIM7_IRQHandler                          0x08000323   Thumb Code     0  startup_stm32l475xx.o(.text)
    TIM8_BRK_IRQHandler                      0x08000323   Thumb Code     0  startup_stm32l475xx.o(.text)
    TIM8_CC_IRQHandler                       0x08000323   Thumb Code     0  startup_stm32l475xx.o(.text)
    TIM8_TRG_COM_IRQHandler                  0x08000323   Thumb Code     0  startup_stm32l475xx.o(.text)
    TIM8_UP_IRQHandler                       0x08000323   Thumb Code     0  startup_stm32l475xx.o(.text)
    TSC_IRQHandler                           0x08000323   Thumb Code     0  startup_stm32l475xx.o(.text)
    UART4_IRQHandler                         0x08000323   Thumb Code     0  startup_stm32l475xx.o(.text)
    UART5_IRQHandler                         0x08000323   Thumb Code     0  startup_stm32l475xx.o(.text)
    USART2_IRQHandler                        0x08000323   Thumb Code     0  startup_stm32l475xx.o(.text)
    USART3_IRQHandler                        0x08000323   Thumb Code     0  startup_stm32l475xx.o(.text)
    WWDG_IRQHandler                          0x08000323   Thumb Code     0  startup_stm32l475xx.o(.text)
    __user_initial_stackheap                 0x08000325   Thumb Code     0  startup_stm32l475xx.o(.text)
    __use_no_semihosting                     0x08000349   Thumb Code     2  use_no_semi_2.o(.text)
    __aeabi_uldivmod                         0x0800034b   Thumb Code     0  lludivv7m.o(.text)
    _ll_udiv                                 0x0800034b   Thumb Code   238  lludivv7m.o(.text)
    __2printf                                0x08000439   Thumb Code    20  noretval__2printf.o(.text)
    __aeabi_memcpy                           0x08000451   Thumb Code     0  rt_memcpy_v6.o(.text)
    __rt_memcpy                              0x08000451   Thumb Code   138  rt_memcpy_v6.o(.text)
    _memcpy_lastbytes                        0x080004b7   Thumb Code     0  rt_memcpy_v6.o(.text)
    __aeabi_memcpy4                          0x080004db   Thumb Code     0  rt_memcpy_w.o(.text)
    __aeabi_memcpy8                          0x080004db   Thumb Code     0  rt_memcpy_w.o(.text)
    __rt_memcpy_w                            0x080004db   Thumb Code   100  rt_memcpy_w.o(.text)
    _memcpy_lastbytes_aligned                0x08000523   Thumb Code     0  rt_memcpy_w.o(.text)
    __aeabi_memset                           0x0800053f   Thumb Code    16  aeabi_memset.o(.text)
    __aeabi_memclr4                          0x0800054f   Thumb Code     0  rt_memclr_w.o(.text)
    __aeabi_memclr8                          0x0800054f   Thumb Code     0  rt_memclr_w.o(.text)
    __rt_memclr_w                            0x0800054f   Thumb Code    78  rt_memclr_w.o(.text)
    _memset_w                                0x08000553   Thumb Code     0  rt_memclr_w.o(.text)
    __use_two_region_memory                  0x0800059d   Thumb Code     2  heapauxi.o(.text)
    __rt_heap_escrow$2region                 0x0800059f   Thumb Code     2  heapauxi.o(.text)
    __rt_heap_expand$2region                 0x080005a1   Thumb Code     2  heapauxi.o(.text)
    __I$use$semihosting                      0x080005a3   Thumb Code     0  use_no_semi.o(.text)
    __use_no_semihosting_swi                 0x080005a3   Thumb Code     2  use_no_semi.o(.text)
    _printf_char_file                        0x080005a5   Thumb Code    32  _printf_char_file.o(.text)
    __aeabi_memclr                           0x080005c9   Thumb Code     0  rt_memclr.o(.text)
    __rt_memclr                              0x080005c9   Thumb Code    68  rt_memclr.o(.text)
    _memset                                  0x080005cd   Thumb Code     0  rt_memclr.o(.text)
    _printf_char_common                      0x08000617   Thumb Code    32  _printf_char_common.o(.text)
    ferror                                   0x0800063d   Thumb Code     8  ferror.o(.text)
    __user_setup_stackheap                   0x08000645   Thumb Code    74  sys_stackheap_outer.o(.text)
    __printf                                 0x0800068f   Thumb Code    40  __printf_nopercent.o(.text)
    exit                                     0x080006b7   Thumb Code    18  exit.o(.text)
    __user_libspace                          0x080006c9   Thumb Code     8  libspace.o(.text)
    __user_perproc_libspace                  0x080006c9   Thumb Code     0  libspace.o(.text)
    __user_perthread_libspace                0x080006c9   Thumb Code     0  libspace.o(.text)
    BusFault_Handler                         0x080006d1   Thumb Code     4  stm32l4xx_it.o(i.BusFault_Handler)
    DebugMon_Handler                         0x080006d5   Thumb Code     2  stm32l4xx_it.o(i.DebugMon_Handler)
    HAL_DMA_Abort_IT                         0x080006d7   Thumb Code    92  stm32l4xx_hal_dma.o(i.HAL_DMA_Abort_IT)
    HAL_GPIO_Init                            0x08000735   Thumb Code   480  stm32l4xx_hal_gpio.o(i.HAL_GPIO_Init)
    HAL_GPIO_TogglePin                       0x08000939   Thumb Code     8  stm32l4xx_hal_gpio.o(i.HAL_GPIO_TogglePin)
    HAL_GPIO_WritePin                        0x08000941   Thumb Code    10  stm32l4xx_hal_gpio.o(i.HAL_GPIO_WritePin)
    HAL_GetTick                              0x0800094d   Thumb Code     6  stm32l4xx_hal.o(i.HAL_GetTick)
    HAL_IncTick                              0x08000959   Thumb Code    12  stm32l4xx_hal.o(i.HAL_IncTick)
    HAL_Init                                 0x08000969   Thumb Code    30  stm32l4xx_hal.o(i.HAL_Init)
    HAL_InitTick                             0x08000989   Thumb Code    44  stm32l4xx_hal.o(i.HAL_InitTick)
    HAL_MspInit                              0x080009b9   Thumb Code     2  stm32l4xx_hal_msp.o(i.HAL_MspInit)
    HAL_NVIC_EnableIRQ                       0x080009bb   Thumb Code    26  stm32l4xx_hal_cortex.o(i.HAL_NVIC_EnableIRQ)
    HAL_NVIC_SetPriority                     0x080009d5   Thumb Code   124  stm32l4xx_hal_cortex.o(i.HAL_NVIC_SetPriority)
    HAL_NVIC_SetPriorityGrouping             0x08000a59   Thumb Code    32  stm32l4xx_hal_cortex.o(i.HAL_NVIC_SetPriorityGrouping)
    HAL_PWREx_ControlVoltageScaling          0x08000a81   Thumb Code   128  stm32l4xx_hal_pwr_ex.o(i.HAL_PWREx_ControlVoltageScaling)
    HAL_PWREx_GetVoltageRange                0x08000b0d   Thumb Code    10  stm32l4xx_hal_pwr_ex.o(i.HAL_PWREx_GetVoltageRange)
    HAL_RCC_ClockConfig                      0x08000b1d   Thumb Code   358  stm32l4xx_hal_rcc.o(i.HAL_RCC_ClockConfig)
    HAL_RCC_GetHCLKFreq                      0x08000c95   Thumb Code     6  stm32l4xx_hal_rcc.o(i.HAL_RCC_GetHCLKFreq)
    HAL_RCC_GetPCLK1Freq                     0x08000ca1   Thumb Code    26  stm32l4xx_hal_rcc.o(i.HAL_RCC_GetPCLK1Freq)
    HAL_RCC_GetPCLK2Freq                     0x08000cc5   Thumb Code    26  stm32l4xx_hal_rcc.o(i.HAL_RCC_GetPCLK2Freq)
    HAL_RCC_GetSysClockFreq                  0x08000ce9   Thumb Code   266  stm32l4xx_hal_rcc.o(i.HAL_RCC_GetSysClockFreq)
    HAL_RCC_OscConfig                        0x08000e05   Thumb Code  1536  stm32l4xx_hal_rcc.o(i.HAL_RCC_OscConfig)
    HAL_SYSTICK_CLKSourceConfig              0x08001411   Thumb Code    40  stm32l4xx_hal_cortex.o(i.HAL_SYSTICK_CLKSourceConfig)
    HAL_SYSTICK_Config                       0x08001439   Thumb Code    52  stm32l4xx_hal_cortex.o(i.HAL_SYSTICK_Config)
    HAL_TIMEx_Break2Callback                 0x0800146d   Thumb Code     2  stm32l4xx_hal_tim_ex.o(i.HAL_TIMEx_Break2Callback)
    HAL_TIMEx_BreakCallback                  0x0800146f   Thumb Code     2  stm32l4xx_hal_tim_ex.o(i.HAL_TIMEx_BreakCallback)
    HAL_TIMEx_CommutationCallback            0x08001471   Thumb Code     2  stm32l4xx_hal_tim_ex.o(i.HAL_TIMEx_CommutationCallback)
    HAL_TIM_Base_Init                        0x08001473   Thumb Code    52  stm32l4xx_hal_tim.o(i.HAL_TIM_Base_Init)
    HAL_TIM_Base_MspInit                     0x080014a9   Thumb Code   112  timer.o(i.HAL_TIM_Base_MspInit)
    HAL_TIM_Base_Start_IT                    0x08001525   Thumb Code    62  stm32l4xx_hal_tim.o(i.HAL_TIM_Base_Start_IT)
    HAL_TIM_IC_CaptureCallback               0x08001569   Thumb Code     2  stm32l4xx_hal_tim.o(i.HAL_TIM_IC_CaptureCallback)
    HAL_TIM_IRQHandler                       0x0800156b   Thumb Code   440  stm32l4xx_hal_tim.o(i.HAL_TIM_IRQHandler)
    HAL_TIM_OC_DelayElapsedCallback          0x08001723   Thumb Code     2  stm32l4xx_hal_tim.o(i.HAL_TIM_OC_DelayElapsedCallback)
    HAL_TIM_PWM_PulseFinishedCallback        0x08001725   Thumb Code     2  stm32l4xx_hal_tim.o(i.HAL_TIM_PWM_PulseFinishedCallback)
    HAL_TIM_PeriodElapsedCallback            0x08001729   Thumb Code    32  timer.o(i.HAL_TIM_PeriodElapsedCallback)
    HAL_TIM_TriggerCallback                  0x08001779   Thumb Code     2  stm32l4xx_hal_tim.o(i.HAL_TIM_TriggerCallback)
    HAL_UARTEx_WakeupCallback                0x0800177b   Thumb Code     2  stm32l4xx_hal_uart_ex.o(i.HAL_UARTEx_WakeupCallback)
    HAL_UART_ErrorCallback                   0x0800177d   Thumb Code     2  stm32l4xx_hal_uart.o(i.HAL_UART_ErrorCallback)
    HAL_UART_GetState                        0x0800177f   Thumb Code    20  stm32l4xx_hal_uart.o(i.HAL_UART_GetState)
    HAL_UART_IRQHandler                      0x08001795   Thumb Code   392  stm32l4xx_hal_uart.o(i.HAL_UART_IRQHandler)
    HAL_UART_Init                            0x08001921   Thumb Code   120  stm32l4xx_hal_uart.o(i.HAL_UART_Init)
    HAL_UART_MspInit                         0x08001999   Thumb Code   134  usart.o(i.HAL_UART_MspInit)
    HAL_UART_Receive_IT                      0x08001a29   Thumb Code   214  stm32l4xx_hal_uart.o(i.HAL_UART_Receive_IT)
    HAL_UART_RxCpltCallback                  0x08001b09   Thumb Code   120  usart.o(i.HAL_UART_RxCpltCallback)
    HAL_UART_TxCpltCallback                  0x08001b91   Thumb Code     2  stm32l4xx_hal_uart.o(i.HAL_UART_TxCpltCallback)
    HardFault_Handler                        0x08001b93   Thumb Code     4  stm32l4xx_it.o(i.HardFault_Handler)
    LED_Init                                 0x08001b99   Thumb Code    72  led.o(i.LED_Init)
    MemManage_Handler                        0x08001be9   Thumb Code     4  stm32l4xx_it.o(i.MemManage_Handler)
    NMI_Handler                              0x08001bed   Thumb Code     2  stm32l4xx_it.o(i.NMI_Handler)
    SysTick_Handler                          0x08001cc5   Thumb Code    20  delay.o(i.SysTick_Handler)
    SystemClock_Config                       0x08001cd9   Thumb Code   134  sys.o(i.SystemClock_Config)
    SystemInit                               0x08001d65   Thumb Code    68  system_stm32l4xx.o(i.SystemInit)
    TIM3_IRQHandler                          0x08001db5   Thumb Code    10  timer.o(i.TIM3_IRQHandler)
    TIM3_Init                                0x08001dc5   Thumb Code    36  timer.o(i.TIM3_Init)
    TIM5_IRQHandler                          0x08001df1   Thumb Code    10  timer.o(i.TIM5_IRQHandler)
    TIM5_Init                                0x08001e01   Thumb Code    36  timer.o(i.TIM5_Init)
    TIM_Base_SetConfig                       0x08001e2d   Thumb Code   170  stm32l4xx_hal_tim.o(i.TIM_Base_SetConfig)
    UART_AdvFeatureConfig                    0x08001ef9   Thumb Code   248  stm32l4xx_hal_uart.o(i.UART_AdvFeatureConfig)
    UART_CheckIdleState                      0x08001ff1   Thumb Code   116  stm32l4xx_hal_uart.o(i.UART_CheckIdleState)
    UART_SetConfig                           0x08002195   Thumb Code  1158  stm32l4xx_hal_uart.o(i.UART_SetConfig)
    UART_WaitOnFlagUntilTimeout              0x08002627   Thumb Code   108  stm32l4xx_hal_uart.o(i.UART_WaitOnFlagUntilTimeout)
    USART1_IRQHandler                        0x08002695   Thumb Code    66  usart.o(i.USART1_IRQHandler)
    UsageFault_Handler                       0x080026e5   Thumb Code     4  stm32l4xx_it.o(i.UsageFault_Handler)
    _sys_exit                                0x080026e9   Thumb Code     4  usart.o(i._sys_exit)
    delay_init                               0x080026ed   Thumb Code    58  delay.o(i.delay_init)
    delay_us                                 0x08002731   Thumb Code    68  delay.o(i.delay_us)
    delay_xms                                0x08002779   Thumb Code    24  delay.o(i.delay_xms)
    fputc                                    0x08002791   Thumb Code    24  usart.o(i.fputc)
    interrupt_task                           0x080027ad   Thumb Code    88  main.o(i.interrupt_task)
    main                                     0x08002845   Thumb Code    80  main.o(i.main)
    pvPortMalloc                             0x08003211   Thumb Code   296  heap_4.o(i.pvPortMalloc)
    pxPortInitialiseStack                    0x0800334d   Thumb Code    38  port.o(i.pxPortInitialiseStack)
    start_task                               0x08003379   Thumb Code    42  main.o(i.start_task)
    uart_init                                0x080033c1   Thumb Code    44  usart.o(i.uart_init)
    uxListRemove                             0x080033f9   Thumb Code    40  list.o(i.uxListRemove)
    vListInitialise                          0x08003421   Thumb Code    26  list.o(i.vListInitialise)
    vListInitialiseItem                      0x0800343b   Thumb Code     6  list.o(i.vListInitialiseItem)
    vListInsert                              0x08003441   Thumb Code    52  list.o(i.vListInsert)
    vListInsertEnd                           0x08003475   Thumb Code    24  list.o(i.vListInsertEnd)
    vPortEnterCritical                       0x0800348d   Thumb Code    76  port.o(i.vPortEnterCritical)
    vPortExitCritical                        0x080034e1   Thumb Code    56  port.o(i.vPortExitCritical)
    vPortFree                                0x0800351d   Thumb Code   140  heap_4.o(i.vPortFree)
    vPortSetupTimerInterrupt                 0x080035b1   Thumb Code    36  port.o(i.vPortSetupTimerInterrupt)
    vPortValidateInterruptPriority           0x080035d9   Thumb Code   106  port.o(i.vPortValidateInterruptPriority)
    vQueueAddToRegistry                      0x08003651   Thumb Code    38  queue.o(i.vQueueAddToRegistry)
    vQueueWaitForMessageRestricted           0x0800367d   Thumb Code    74  queue.o(i.vQueueWaitForMessageRestricted)
    vTaskDelay                               0x080036c9   Thumb Code    82  tasks.o(i.vTaskDelay)
    vTaskDelete                              0x08003725   Thumb Code   202  tasks.o(i.vTaskDelete)
    vTaskInternalSetTimeOutState             0x08003819   Thumb Code    14  tasks.o(i.vTaskInternalSetTimeOutState)
    vTaskMissedYield                         0x08003831   Thumb Code     8  tasks.o(i.vTaskMissedYield)
    vTaskPlaceOnEventList                    0x0800383d   Thumb Code    52  tasks.o(i.vTaskPlaceOnEventList)
    vTaskPlaceOnEventListRestricted          0x08003875   Thumb Code    60  tasks.o(i.vTaskPlaceOnEventListRestricted)
    vTaskStartScheduler                      0x080038b5   Thumb Code   118  tasks.o(i.vTaskStartScheduler)
    vTaskSuspendAll                          0x08003949   Thumb Code    12  tasks.o(i.vTaskSuspendAll)
    vTaskSwitchContext                       0x08003959   Thumb Code   118  tasks.o(i.vTaskSwitchContext)
    xPortStartScheduler                      0x080039e5   Thumb Code   330  port.o(i.xPortStartScheduler)
    xPortSysTickHandler                      0x08003b4d   Thumb Code    46  port.o(i.xPortSysTickHandler)
    xQueueGenericCreate                      0x08003b81   Thumb Code    88  queue.o(i.xQueueGenericCreate)
    xQueueGenericReset                       0x08003bd9   Thumb Code   146  queue.o(i.xQueueGenericReset)
    xQueueGenericSend                        0x08003c71   Thumb Code   420  queue.o(i.xQueueGenericSend)
    xQueueGenericSendFromISR                 0x08003e19   Thumb Code   248  queue.o(i.xQueueGenericSendFromISR)
    xQueueReceive                            0x08003f19   Thumb Code   356  queue.o(i.xQueueReceive)
    xTaskCheckForTimeOut                     0x08004081   Thumb Code   132  tasks.o(i.xTaskCheckForTimeOut)
    xTaskCreate                              0x0800410d   Thumb Code    96  tasks.o(i.xTaskCreate)
    xTaskGetSchedulerState                   0x08004175   Thumb Code    24  tasks.o(i.xTaskGetSchedulerState)
    xTaskGetTickCount                        0x08004195   Thumb Code     6  tasks.o(i.xTaskGetTickCount)
    xTaskIncrementTick                       0x080041a1   Thumb Code   282  tasks.o(i.xTaskIncrementTick)
    xTaskPriorityDisinherit                  0x080042e9   Thumb Code   188  tasks.o(i.xTaskPriorityDisinherit)
    xTaskRemoveFromEventList                 0x080043b1   Thumb Code   128  tasks.o(i.xTaskRemoveFromEventList)
    xTaskResumeAll                           0x08004449   Thumb Code   224  tasks.o(i.xTaskResumeAll)
    xTimerCreateTimerTask                    0x0800454d   Thumb Code    66  timers.o(i.xTimerCreateTimerTask)
    xTimerGenericCommand                     0x080045a5   Thumb Code   126  timers.o(i.xTimerGenericCommand)
    _fp_init                                 0x0800462f   Thumb Code    10  fpinit.o(x$fpl$fpinit)
    __fplib_config_fpu_vfp                   0x08004637   Thumb Code     0  fpinit.o(x$fpl$fpinit)
    __fplib_config_pureend_doubles           0x08004637   Thumb Code     0  fpinit.o(x$fpl$fpinit)
    AHBPrescTable                            0x08004638   Data          16  system_stm32l4xx.o(.constdata)
    APBPrescTable                            0x08004648   Data           8  system_stm32l4xx.o(.constdata)
    MSIRangeTable                            0x08004650   Data          48  system_stm32l4xx.o(.constdata)
    Region$$Table$$Base                      0x08004680   Number         0  anon$$obj.o(Region$$Table)
    Region$$Table$$Limit                     0x080046a0   Number         0  anon$$obj.o(Region$$Table)
    StartTask_Handler                        0x20000000   Data           4  main.o(.data)
    INTERRUPTTask_Handler                    0x20000004   Data           4  main.o(.data)
    SystemCoreClock                          0x2000000c   Data           4  system_stm32l4xx.o(.data)
    __stdout                                 0x20000018   Data           4  usart.o(.data)
    USART_RX_STA                             0x2000001c   Data           2  usart.o(.data)
    aRxBuffer                                0x2000001e   Data           1  usart.o(.data)
    uwTick                                   0x20000020   Data           4  stm32l4xx_hal.o(.data)
    pxCurrentTCB                             0x20000024   Data           4  tasks.o(.data)
    USART_RX_BUF                             0x20000098   Data         200  usart.o(.bss)
    UART1_Handler                            0x20000160   Data         120  usart.o(.bss)
    xQueueRegistry                           0x200001d8   Data          64  queue.o(.bss)
    TIM3_Handler                             0x20012f08   Data          64  timer.o(.bss)
    TIM5_Handler                             0x20012f48   Data          64  timer.o(.bss)
    __libspace_start                         0x20012f88   Data          96  libspace.o(.bss)
    __temporary_stack_top$libspace           0x20012fe8   Data           0  libspace.o(.bss)



==============================================================================

Memory Map of the image

  Image Entry point : 0x08000189

  Load Region LR_IROM1 (Base: 0x08000000, Size: 0x00004738, Max: 0x00080000, ABSOLUTE)

    Execution Region ER_IROM1 (Exec base: 0x08000000, Load base: 0x08000000, Size: 0x000046a0, Max: 0x00080000, ABSOLUTE)

    Exec Addr    Load Addr    Size         Type   Attr      Idx    E Section Name        Object

    0x08000000   0x08000000   0x00000188   Data   RO          733    RESET               startup_stm32l475xx.o
    0x08000188   0x08000188   0x00000008   Code   RO        12377  * !!!main             c_w.l(__main.o)
    0x08000190   0x08000190   0x00000034   Code   RO        12554    !!!scatter          c_w.l(__scatter.o)
    0x080001c4   0x080001c4   0x0000001a   Code   RO        12556    !!handler_copy      c_w.l(__scatter_copy.o)
    0x080001de   0x080001de   0x00000002   PAD
    0x080001e0   0x080001e0   0x0000001c   Code   RO        12558    !!handler_zi        c_w.l(__scatter_zi.o)
    0x080001fc   0x080001fc   0x00000002   Code   RO        12428    .ARM.Collect$$libinit$$00000000  c_w.l(libinit.o)
    0x080001fe   0x080001fe   0x00000004   Code   RO        12440    .ARM.Collect$$libinit$$00000001  c_w.l(libinit2.o)
    0x08000202   0x08000202   0x00000000   Code   RO        12443    .ARM.Collect$$libinit$$00000004  c_w.l(libinit2.o)
    0x08000202   0x08000202   0x00000000   Code   RO        12446    .ARM.Collect$$libinit$$0000000A  c_w.l(libinit2.o)
    0x08000202   0x08000202   0x00000000   Code   RO        12448    .ARM.Collect$$libinit$$0000000C  c_w.l(libinit2.o)
    0x08000202   0x08000202   0x00000000   Code   RO        12450    .ARM.Collect$$libinit$$0000000E  c_w.l(libinit2.o)
    0x08000202   0x08000202   0x00000000   Code   RO        12453    .ARM.Collect$$libinit$$00000011  c_w.l(libinit2.o)
    0x08000202   0x08000202   0x00000000   Code   RO        12455    .ARM.Collect$$libinit$$00000013  c_w.l(libinit2.o)
    0x08000202   0x08000202   0x00000000   Code   RO        12457    .ARM.Collect$$libinit$$00000015  c_w.l(libinit2.o)
    0x08000202   0x08000202   0x00000000   Code   RO        12459    .ARM.Collect$$libinit$$00000017  c_w.l(libinit2.o)
    0x08000202   0x08000202   0x00000000   Code   RO        12461    .ARM.Collect$$libinit$$00000019  c_w.l(libinit2.o)
    0x08000202   0x08000202   0x00000000   Code   RO        12463    .ARM.Collect$$libinit$$0000001B  c_w.l(libinit2.o)
    0x08000202   0x08000202   0x00000000   Code   RO        12465    .ARM.Collect$$libinit$$0000001D  c_w.l(libinit2.o)
    0x08000202   0x08000202   0x00000000   Code   RO        12467    .ARM.Collect$$libinit$$0000001F  c_w.l(libinit2.o)
    0x08000202   0x08000202   0x00000000   Code   RO        12469    .ARM.Collect$$libinit$$00000021  c_w.l(libinit2.o)
    0x08000202   0x08000202   0x00000000   Code   RO        12471    .ARM.Collect$$libinit$$00000023  c_w.l(libinit2.o)
    0x08000202   0x08000202   0x00000000   Code   RO        12473    .ARM.Collect$$libinit$$00000025  c_w.l(libinit2.o)
    0x08000202   0x08000202   0x00000000   Code   RO        12477    .ARM.Collect$$libinit$$0000002C  c_w.l(libinit2.o)
    0x08000202   0x08000202   0x00000000   Code   RO        12479    .ARM.Collect$$libinit$$0000002E  c_w.l(libinit2.o)
    0x08000202   0x08000202   0x00000000   Code   RO        12481    .ARM.Collect$$libinit$$00000030  c_w.l(libinit2.o)
    0x08000202   0x08000202   0x00000000   Code   RO        12483    .ARM.Collect$$libinit$$00000032  c_w.l(libinit2.o)
    0x08000202   0x08000202   0x00000002   Code   RO        12484    .ARM.Collect$$libinit$$00000033  c_w.l(libinit2.o)
    0x08000204   0x08000204   0x00000002   Code   RO        12510    .ARM.Collect$$libshutdown$$00000000  c_w.l(libshutdown.o)
    0x08000206   0x08000206   0x00000000   Code   RO        12537    .ARM.Collect$$libshutdown$$00000002  c_w.l(libshutdown2.o)
    0x08000206   0x08000206   0x00000000   Code   RO        12539    .ARM.Collect$$libshutdown$$00000004  c_w.l(libshutdown2.o)
    0x08000206   0x08000206   0x00000000   Code   RO        12542    .ARM.Collect$$libshutdown$$00000007  c_w.l(libshutdown2.o)
    0x08000206   0x08000206   0x00000000   Code   RO        12545    .ARM.Collect$$libshutdown$$0000000A  c_w.l(libshutdown2.o)
    0x08000206   0x08000206   0x00000000   Code   RO        12547    .ARM.Collect$$libshutdown$$0000000C  c_w.l(libshutdown2.o)
    0x08000206   0x08000206   0x00000000   Code   RO        12550    .ARM.Collect$$libshutdown$$0000000F  c_w.l(libshutdown2.o)
    0x08000206   0x08000206   0x00000002   Code   RO        12551    .ARM.Collect$$libshutdown$$00000010  c_w.l(libshutdown2.o)
    0x08000208   0x08000208   0x00000000   Code   RO        12381    .ARM.Collect$$rtentry$$00000000  c_w.l(__rtentry.o)
    0x08000208   0x08000208   0x00000000   Code   RO        12391    .ARM.Collect$$rtentry$$00000002  c_w.l(__rtentry2.o)
    0x08000208   0x08000208   0x00000006   Code   RO        12403    .ARM.Collect$$rtentry$$00000004  c_w.l(__rtentry4.o)
    0x0800020e   0x0800020e   0x00000000   Code   RO        12393    .ARM.Collect$$rtentry$$00000009  c_w.l(__rtentry2.o)
    0x0800020e   0x0800020e   0x00000004   Code   RO        12394    .ARM.Collect$$rtentry$$0000000A  c_w.l(__rtentry2.o)
    0x08000212   0x08000212   0x00000000   Code   RO        12396    .ARM.Collect$$rtentry$$0000000C  c_w.l(__rtentry2.o)
    0x08000212   0x08000212   0x00000008   Code   RO        12397    .ARM.Collect$$rtentry$$0000000D  c_w.l(__rtentry2.o)
    0x0800021a   0x0800021a   0x00000002   Code   RO        12432    .ARM.Collect$$rtexit$$00000000  c_w.l(rtexit.o)
    0x0800021c   0x0800021c   0x00000000   Code   RO        12486    .ARM.Collect$$rtexit$$00000002  c_w.l(rtexit2.o)
    0x0800021c   0x0800021c   0x00000004   Code   RO        12487    .ARM.Collect$$rtexit$$00000003  c_w.l(rtexit2.o)
    0x08000220   0x08000220   0x00000006   Code   RO        12488    .ARM.Collect$$rtexit$$00000004  c_w.l(rtexit2.o)
    0x08000226   0x08000226   0x00000002   PAD
    0x08000228   0x08000228   0x000000de   Code   RO        12194    .emb_text           port.o
    0x08000306   0x08000306   0x00000002   PAD
    0x08000308   0x08000308   0x00000040   Code   RO          734    .text               startup_stm32l475xx.o
    0x08000348   0x08000348   0x00000002   Code   RO        12357    .text               c_w.l(use_no_semi_2.o)
    0x0800034a   0x0800034a   0x000000ee   Code   RO        12359    .text               c_w.l(lludivv7m.o)
    0x08000438   0x08000438   0x00000018   Code   RO        12363    .text               c_w.l(noretval__2printf.o)
    0x08000450   0x08000450   0x0000008a   Code   RO        12365    .text               c_w.l(rt_memcpy_v6.o)
    0x080004da   0x080004da   0x00000064   Code   RO        12367    .text               c_w.l(rt_memcpy_w.o)
    0x0800053e   0x0800053e   0x00000010   Code   RO        12371    .text               c_w.l(aeabi_memset.o)
    0x0800054e   0x0800054e   0x0000004e   Code   RO        12373    .text               c_w.l(rt_memclr_w.o)
    0x0800059c   0x0800059c   0x00000006   Code   RO        12375    .text               c_w.l(heapauxi.o)
    0x080005a2   0x080005a2   0x00000002   Code   RO        12379    .text               c_w.l(use_no_semi.o)
    0x080005a4   0x080005a4   0x00000024   Code   RO        12386    .text               c_w.l(_printf_char_file.o)
    0x080005c8   0x080005c8   0x00000044   Code   RO        12388    .text               c_w.l(rt_memclr.o)
    0x0800060c   0x0800060c   0x00000030   Code   RO        12407    .text               c_w.l(_printf_char_common.o)
    0x0800063c   0x0800063c   0x00000008   Code   RO        12409    .text               c_w.l(ferror.o)
    0x08000644   0x08000644   0x0000004a   Code   RO        12413    .text               c_w.l(sys_stackheap_outer.o)
    0x0800068e   0x0800068e   0x00000028   Code   RO        12415    .text               c_w.l(__printf_nopercent.o)
    0x080006b6   0x080006b6   0x00000012   Code   RO        12417    .text               c_w.l(exit.o)
    0x080006c8   0x080006c8   0x00000008   Code   RO        12429    .text               c_w.l(libspace.o)
    0x080006d0   0x080006d0   0x00000004   Code   RO          325    i.BusFault_Handler  stm32l4xx_it.o
    0x080006d4   0x080006d4   0x00000002   Code   RO          326    i.DebugMon_Handler  stm32l4xx_it.o
    0x080006d6   0x080006d6   0x0000005c   Code   RO         2784    i.HAL_DMA_Abort_IT  stm32l4xx_hal_dma.o
    0x08000732   0x08000732   0x00000002   PAD
    0x08000734   0x08000734   0x00000204   Code   RO         3252    i.HAL_GPIO_Init     stm32l4xx_hal_gpio.o
    0x08000938   0x08000938   0x00000008   Code   RO         3255    i.HAL_GPIO_TogglePin  stm32l4xx_hal_gpio.o
    0x08000940   0x08000940   0x0000000a   Code   RO         3256    i.HAL_GPIO_WritePin  stm32l4xx_hal_gpio.o
    0x0800094a   0x0800094a   0x00000002   PAD
    0x0800094c   0x0800094c   0x0000000c   Code   RO          752    i.HAL_GetTick       stm32l4xx_hal.o
    0x08000958   0x08000958   0x00000010   Code   RO          756    i.HAL_IncTick       stm32l4xx_hal.o
    0x08000968   0x08000968   0x0000001e   Code   RO          757    i.HAL_Init          stm32l4xx_hal.o
    0x08000986   0x08000986   0x00000002   PAD
    0x08000988   0x08000988   0x00000030   Code   RO          758    i.HAL_InitTick      stm32l4xx_hal.o
    0x080009b8   0x080009b8   0x00000002   Code   RO          550    i.HAL_MspInit       stm32l4xx_hal_msp.o
    0x080009ba   0x080009ba   0x0000001a   Code   RO         1796    i.HAL_NVIC_EnableIRQ  stm32l4xx_hal_cortex.o
    0x080009d4   0x080009d4   0x00000082   Code   RO         1802    i.HAL_NVIC_SetPriority  stm32l4xx_hal_cortex.o
    0x08000a56   0x08000a56   0x00000002   PAD
    0x08000a58   0x08000a58   0x00000028   Code   RO         1803    i.HAL_NVIC_SetPriorityGrouping  stm32l4xx_hal_cortex.o
    0x08000a80   0x08000a80   0x0000008c   Code   RO         5486    i.HAL_PWREx_ControlVoltageScaling  stm32l4xx_hal_pwr_ex.o
    0x08000b0c   0x08000b0c   0x00000010   Code   RO         5517    i.HAL_PWREx_GetVoltageRange  stm32l4xx_hal_pwr_ex.o
    0x08000b1c   0x08000b1c   0x00000178   Code   RO         5988    i.HAL_RCC_ClockConfig  stm32l4xx_hal_rcc.o
    0x08000c94   0x08000c94   0x0000000c   Code   RO         5992    i.HAL_RCC_GetHCLKFreq  stm32l4xx_hal_rcc.o
    0x08000ca0   0x08000ca0   0x00000024   Code   RO         5994    i.HAL_RCC_GetPCLK1Freq  stm32l4xx_hal_rcc.o
    0x08000cc4   0x08000cc4   0x00000024   Code   RO         5995    i.HAL_RCC_GetPCLK2Freq  stm32l4xx_hal_rcc.o
    0x08000ce8   0x08000ce8   0x0000011c   Code   RO         5996    i.HAL_RCC_GetSysClockFreq  stm32l4xx_hal_rcc.o
    0x08000e04   0x08000e04   0x0000060c   Code   RO         5999    i.HAL_RCC_OscConfig  stm32l4xx_hal_rcc.o
    0x08001410   0x08001410   0x00000028   Code   RO         1805    i.HAL_SYSTICK_CLKSourceConfig  stm32l4xx_hal_cortex.o
    0x08001438   0x08001438   0x00000034   Code   RO         1807    i.HAL_SYSTICK_Config  stm32l4xx_hal_cortex.o
    0x0800146c   0x0800146c   0x00000002   Code   RO         9127    i.HAL_TIMEx_Break2Callback  stm32l4xx_hal_tim_ex.o
    0x0800146e   0x0800146e   0x00000002   Code   RO         9128    i.HAL_TIMEx_BreakCallback  stm32l4xx_hal_tim_ex.o
    0x08001470   0x08001470   0x00000002   Code   RO         9129    i.HAL_TIMEx_CommutationCallback  stm32l4xx_hal_tim_ex.o
    0x08001472   0x08001472   0x00000034   Code   RO         8477    i.HAL_TIM_Base_Init  stm32l4xx_hal_tim.o
    0x080014a6   0x080014a6   0x00000002   PAD
    0x080014a8   0x080014a8   0x0000007c   Code   RO        12298    i.HAL_TIM_Base_MspInit  timer.o
    0x08001524   0x08001524   0x00000044   Code   RO         8482    i.HAL_TIM_Base_Start_IT  stm32l4xx_hal_tim.o
    0x08001568   0x08001568   0x00000002   Code   RO         8506    i.HAL_TIM_IC_CaptureCallback  stm32l4xx_hal_tim.o
    0x0800156a   0x0800156a   0x000001b8   Code   RO         8519    i.HAL_TIM_IRQHandler  stm32l4xx_hal_tim.o
    0x08001722   0x08001722   0x00000002   Code   RO         8522    i.HAL_TIM_OC_DelayElapsedCallback  stm32l4xx_hal_tim.o
    0x08001724   0x08001724   0x00000002   Code   RO         8549    i.HAL_TIM_PWM_PulseFinishedCallback  stm32l4xx_hal_tim.o
    0x08001726   0x08001726   0x00000002   PAD
    0x08001728   0x08001728   0x00000050   Code   RO        12299    i.HAL_TIM_PeriodElapsedCallback  timer.o
    0x08001778   0x08001778   0x00000002   Code   RO         8560    i.HAL_TIM_TriggerCallback  stm32l4xx_hal_tim.o
    0x0800177a   0x0800177a   0x00000002   Code   RO         9877    i.HAL_UARTEx_WakeupCallback  stm32l4xx_hal_uart_ex.o
    0x0800177c   0x0800177c   0x00000002   Code   RO         9531    i.HAL_UART_ErrorCallback  stm32l4xx_hal_uart.o
    0x0800177e   0x0800177e   0x00000014   Code   RO         9533    i.HAL_UART_GetState  stm32l4xx_hal_uart.o
    0x08001792   0x08001792   0x00000002   PAD
    0x08001794   0x08001794   0x0000018c   Code   RO         9534    i.HAL_UART_IRQHandler  stm32l4xx_hal_uart.o
    0x08001920   0x08001920   0x00000078   Code   RO         9535    i.HAL_UART_Init     stm32l4xx_hal_uart.o
    0x08001998   0x08001998   0x00000090   Code   RO          669    i.HAL_UART_MspInit  usart.o
    0x08001a28   0x08001a28   0x000000e0   Code   RO         9540    i.HAL_UART_Receive_IT  stm32l4xx_hal_uart.o
    0x08001b08   0x08001b08   0x00000088   Code   RO          670    i.HAL_UART_RxCpltCallback  usart.o
    0x08001b90   0x08001b90   0x00000002   Code   RO         9546    i.HAL_UART_TxCpltCallback  stm32l4xx_hal_uart.o
    0x08001b92   0x08001b92   0x00000004   Code   RO          327    i.HardFault_Handler  stm32l4xx_it.o
    0x08001b96   0x08001b96   0x00000002   PAD
    0x08001b98   0x08001b98   0x00000050   Code   RO        12274    i.LED_Init          led.o
    0x08001be8   0x08001be8   0x00000004   Code   RO          328    i.MemManage_Handler  stm32l4xx_it.o
    0x08001bec   0x08001bec   0x00000002   Code   RO          329    i.NMI_Handler       stm32l4xx_it.o
    0x08001bee   0x08001bee   0x00000002   PAD
    0x08001bf0   0x08001bf0   0x00000010   Code   RO         1809    i.NVIC_GetPriorityGrouping  stm32l4xx_hal_cortex.o
    0x08001c00   0x08001c00   0x00000028   Code   RO         1810    i.NVIC_SetPriority  stm32l4xx_hal_cortex.o
    0x08001c28   0x08001c28   0x0000009c   Code   RO         6000    i.RCC_SetFlashLatencyFromMSIRange  stm32l4xx_hal_rcc.o
    0x08001cc4   0x08001cc4   0x00000014   Code   RO          579    i.SysTick_Handler   delay.o
    0x08001cd8   0x08001cd8   0x0000008c   Code   RO          642    i.SystemClock_Config  sys.o
    0x08001d64   0x08001d64   0x00000050   Code   RO          404    i.SystemInit        system_stm32l4xx.o
    0x08001db4   0x08001db4   0x00000010   Code   RO        12300    i.TIM3_IRQHandler   timer.o
    0x08001dc4   0x08001dc4   0x0000002c   Code   RO        12301    i.TIM3_Init         timer.o
    0x08001df0   0x08001df0   0x00000010   Code   RO        12302    i.TIM5_IRQHandler   timer.o
    0x08001e00   0x08001e00   0x0000002c   Code   RO        12303    i.TIM5_Init         timer.o
    0x08001e2c   0x08001e2c   0x000000cc   Code   RO         8561    i.TIM_Base_SetConfig  stm32l4xx_hal_tim.o
    0x08001ef8   0x08001ef8   0x000000f8   Code   RO         9548    i.UART_AdvFeatureConfig  stm32l4xx_hal_uart.o
    0x08001ff0   0x08001ff0   0x00000074   Code   RO         9549    i.UART_CheckIdleState  stm32l4xx_hal_uart.o
    0x08002064   0x08002064   0x00000018   Code   RO         9550    i.UART_DMAAbortOnError  stm32l4xx_hal_uart.o
    0x0800207c   0x0800207c   0x00000024   Code   RO         9560    i.UART_EndRxTransfer  stm32l4xx_hal_uart.o
    0x080020a0   0x080020a0   0x00000022   Code   RO         9561    i.UART_EndTransmit_IT  stm32l4xx_hal_uart.o
    0x080020c2   0x080020c2   0x0000006c   Code   RO         9563    i.UART_RxISR_16BIT  stm32l4xx_hal_uart.o
    0x0800212e   0x0800212e   0x00000066   Code   RO         9564    i.UART_RxISR_8BIT   stm32l4xx_hal_uart.o
    0x08002194   0x08002194   0x00000492   Code   RO         9565    i.UART_SetConfig    stm32l4xx_hal_uart.o
    0x08002626   0x08002626   0x0000006c   Code   RO         9568    i.UART_WaitOnFlagUntilTimeout  stm32l4xx_hal_uart.o
    0x08002692   0x08002692   0x00000002   PAD
    0x08002694   0x08002694   0x00000050   Code   RO          671    i.USART1_IRQHandler  usart.o
    0x080026e4   0x080026e4   0x00000004   Code   RO          333    i.UsageFault_Handler  stm32l4xx_it.o
    0x080026e8   0x080026e8   0x00000004   Code   RO          672    i._sys_exit         usart.o
    0x080026ec   0x080026ec   0x00000044   Code   RO          580    i.delay_init        delay.o
    0x08002730   0x08002730   0x00000048   Code   RO          582    i.delay_us          delay.o
    0x08002778   0x08002778   0x00000018   Code   RO          583    i.delay_xms         delay.o
    0x08002790   0x08002790   0x0000001c   Code   RO          673    i.fputc             usart.o
    0x080027ac   0x080027ac   0x00000098   Code   RO            4    i.interrupt_task    main.o
    0x08002844   0x08002844   0x00000064   Code   RO            5    i.main              main.o
    0x080028a8   0x080028a8   0x00000098   Code   RO        11654    i.prvAddCurrentTaskToDelayedList  tasks.o
    0x08002940   0x08002940   0x000000b8   Code   RO        11655    i.prvAddNewTaskToReadyList  tasks.o
    0x080029f8   0x080029f8   0x00000064   Code   RO        12003    i.prvCheckForValidListAndQueue  timers.o
    0x08002a5c   0x08002a5c   0x00000048   Code   RO        11656    i.prvCheckTasksWaitingTermination  tasks.o
    0x08002aa4   0x08002aa4   0x0000002a   Code   RO        11283    i.prvCopyDataFromQueue  queue.o
    0x08002ace   0x08002ace   0x0000007c   Code   RO        11284    i.prvCopyDataToQueue  queue.o
    0x08002b4a   0x08002b4a   0x00000012   Code   RO        11657    i.prvDeleteTCB      tasks.o
    0x08002b5c   0x08002b5c   0x00000028   Code   RO        12004    i.prvGetNextExpireTime  timers.o
    0x08002b84   0x08002b84   0x0000007c   Code   RO        12145    i.prvHeapInit       heap_4.o
    0x08002c00   0x08002c00   0x00000028   Code   RO        11658    i.prvIdleTask       tasks.o
    0x08002c28   0x08002c28   0x0000002a   Code   RO        11287    i.prvInitialiseNewQueue  queue.o
    0x08002c52   0x08002c52   0x000000ba   Code   RO        11659    i.prvInitialiseNewTask  tasks.o
    0x08002d0c   0x08002d0c   0x00000068   Code   RO        11660    i.prvInitialiseTaskLists  tasks.o
    0x08002d74   0x08002d74   0x00000068   Code   RO        12146    i.prvInsertBlockIntoFreeList  heap_4.o
    0x08002ddc   0x08002ddc   0x00000058   Code   RO        12006    i.prvInsertTimerInActiveList  timers.o
    0x08002e34   0x08002e34   0x0000001a   Code   RO        11288    i.prvIsQueueEmpty   queue.o
    0x08002e4e   0x08002e4e   0x0000001e   Code   RO        11289    i.prvIsQueueFull    queue.o
    0x08002e6c   0x08002e6c   0x00000064   Code   RO        12007    i.prvProcessExpiredTimer  timers.o
    0x08002ed0   0x08002ed0   0x000000f4   Code   RO        12008    i.prvProcessReceivedCommands  timers.o
    0x08002fc4   0x08002fc4   0x00000074   Code   RO        12009    i.prvProcessTimerOrBlockTask  timers.o
    0x08003038   0x08003038   0x00000034   Code   RO        11662    i.prvResetNextTaskUnblockTime  tasks.o
    0x0800306c   0x0800306c   0x0000002c   Code   RO        12010    i.prvSampleTimeNow  timers.o
    0x08003098   0x08003098   0x000000a0   Code   RO        12011    i.prvSwitchTimerLists  timers.o
    0x08003138   0x08003138   0x00000040   Code   RO        12195    i.prvTaskExitError  port.o
    0x08003178   0x08003178   0x0000001a   Code   RO        12012    i.prvTimerTask      timers.o
    0x08003192   0x08003192   0x0000007e   Code   RO        11290    i.prvUnlockQueue    queue.o
    0x08003210   0x08003210   0x0000013c   Code   RO        12147    i.pvPortMalloc      heap_4.o
    0x0800334c   0x0800334c   0x0000002c   Code   RO        12196    i.pxPortInitialiseStack  port.o
    0x08003378   0x08003378   0x00000048   Code   RO            6    i.start_task        main.o
    0x080033c0   0x080033c0   0x00000038   Code   RO          674    i.uart_init         usart.o
    0x080033f8   0x080033f8   0x00000028   Code   RO        11243    i.uxListRemove      list.o
    0x08003420   0x08003420   0x0000001a   Code   RO        11244    i.vListInitialise   list.o
    0x0800343a   0x0800343a   0x00000006   Code   RO        11245    i.vListInitialiseItem  list.o
    0x08003440   0x08003440   0x00000034   Code   RO        11246    i.vListInsert       list.o
    0x08003474   0x08003474   0x00000018   Code   RO        11247    i.vListInsertEnd    list.o
    0x0800348c   0x0800348c   0x00000054   Code   RO        12198    i.vPortEnterCritical  port.o
    0x080034e0   0x080034e0   0x0000003c   Code   RO        12199    i.vPortExitCritical  port.o
    0x0800351c   0x0800351c   0x00000094   Code   RO        12148    i.vPortFree         heap_4.o
    0x080035b0   0x080035b0   0x00000028   Code   RO        12200    i.vPortSetupTimerInterrupt  port.o
    0x080035d8   0x080035d8   0x00000078   Code   RO        12201    i.vPortValidateInterruptPriority  port.o
    0x08003650   0x08003650   0x0000002c   Code   RO        11296    i.vQueueAddToRegistry  queue.o
    0x0800367c   0x0800367c   0x0000004a   Code   RO        11300    i.vQueueWaitForMessageRestricted  queue.o
    0x080036c6   0x080036c6   0x00000002   PAD
    0x080036c8   0x080036c8   0x0000005c   Code   RO        11673    i.vTaskDelay        tasks.o
    0x08003724   0x08003724   0x000000f4   Code   RO        11675    i.vTaskDelete       tasks.o
    0x08003818   0x08003818   0x00000018   Code   RO        11678    i.vTaskInternalSetTimeOutState  tasks.o
    0x08003830   0x08003830   0x0000000c   Code   RO        11679    i.vTaskMissedYield  tasks.o
    0x0800383c   0x0800383c   0x00000038   Code   RO        11681    i.vTaskPlaceOnEventList  tasks.o
    0x08003874   0x08003874   0x00000040   Code   RO        11682    i.vTaskPlaceOnEventListRestricted  tasks.o
    0x080038b4   0x080038b4   0x00000094   Code   RO        11690    i.vTaskStartScheduler  tasks.o
    0x08003948   0x08003948   0x00000010   Code   RO        11692    i.vTaskSuspendAll   tasks.o
    0x08003958   0x08003958   0x0000008c   Code   RO        11693    i.vTaskSwitchContext  tasks.o
    0x080039e4   0x080039e4   0x00000168   Code   RO        12202    i.xPortStartScheduler  port.o
    0x08003b4c   0x08003b4c   0x00000034   Code   RO        12203    i.xPortSysTickHandler  port.o
    0x08003b80   0x08003b80   0x00000058   Code   RO        11303    i.xQueueGenericCreate  queue.o
    0x08003bd8   0x08003bd8   0x00000098   Code   RO        11304    i.xQueueGenericReset  queue.o
    0x08003c70   0x08003c70   0x000001a8   Code   RO        11305    i.xQueueGenericSend  queue.o
    0x08003e18   0x08003e18   0x000000fe   Code   RO        11306    i.xQueueGenericSendFromISR  queue.o
    0x08003f16   0x08003f16   0x00000002   PAD
    0x08003f18   0x08003f18   0x00000168   Code   RO        11313    i.xQueueReceive     queue.o
    0x08004080   0x08004080   0x0000008c   Code   RO        11694    i.xTaskCheckForTimeOut  tasks.o
    0x0800410c   0x0800410c   0x00000066   Code   RO        11695    i.xTaskCreate       tasks.o
    0x08004172   0x08004172   0x00000002   PAD
    0x08004174   0x08004174   0x00000020   Code   RO        11699    i.xTaskGetSchedulerState  tasks.o
    0x08004194   0x08004194   0x0000000c   Code   RO        11700    i.xTaskGetTickCount  tasks.o
    0x080041a0   0x080041a0   0x00000148   Code   RO        11702    i.xTaskIncrementTick  tasks.o
    0x080042e8   0x080042e8   0x000000c8   Code   RO        11705    i.xTaskPriorityDisinherit  tasks.o
    0x080043b0   0x080043b0   0x00000098   Code   RO        11707    i.xTaskRemoveFromEventList  tasks.o
    0x08004448   0x08004448   0x00000104   Code   RO        11708    i.xTaskResumeAll    tasks.o
    0x0800454c   0x0800454c   0x00000058   Code   RO        12018    i.xTimerCreateTimerTask  timers.o
    0x080045a4   0x080045a4   0x0000008a   Code   RO        12019    i.xTimerGenericCommand  timers.o
    0x0800462e   0x0800462e   0x0000000a   Code   RO        12498    x$fpl$fpinit        fz_wm.l(fpinit.o)
    0x08004638   0x08004638   0x00000048   Data   RO          405    .constdata          system_stm32l4xx.o
    0x08004680   0x08004680   0x00000020   Data   RO        12552    Region$$Table       anon$$obj.o


    Execution Region RW_IRAM1 (Exec base: 0x20000000, Load base: 0x080046a0, Size: 0x000135e8, Max: 0x00018000, ABSOLUTE)

    Exec Addr    Load Addr    Size         Type   Attr      Idx    E Section Name        Object

    0x20000000   0x080046a0   0x0000000c   Data   RW            7    .data               main.o
    0x2000000c   0x080046ac   0x00000004   Data   RW          406    .data               system_stm32l4xx.o
    0x20000010   0x080046b0   0x00000006   Data   RW          584    .data               delay.o
    0x20000016   0x080046b6   0x00000002   PAD
    0x20000018   0x080046b8   0x00000007   Data   RW          676    .data               usart.o
    0x2000001f   0x080046bf   0x00000001   PAD
    0x20000020   0x080046c0   0x00000004   Data   RW          773    .data               stm32l4xx_hal.o
    0x20000024   0x080046c4   0x0000003c   Data   RW        11711    .data               tasks.o
    0x20000060   0x08004700   0x00000014   Data   RW        12025    .data               timers.o
    0x20000074   0x08004714   0x00000018   Data   RW        12153    .data               heap_4.o
    0x2000008c   0x0800472c   0x0000000c   Data   RW        12204    .data               port.o
    0x20000098        -       0x00000140   Zero   RW          675    .bss                usart.o
    0x200001d8        -       0x00000040   Zero   RW        11317    .bss                queue.o
    0x20000218        -       0x000000c8   Zero   RW        11710    .bss                tasks.o
    0x200002e0        -       0x00000028   Zero   RW        12024    .bss                timers.o
    0x20000308        -       0x00012c00   Zero   RW        12152    .bss                heap_4.o
    0x20012f08        -       0x00000080   Zero   RW        12304    .bss                timer.o
    0x20012f88        -       0x00000060   Zero   RW        12430    .bss                c_w.l(libspace.o)
    0x20012fe8        -       0x00000200   Zero   RW          732    HEAP                startup_stm32l475xx.o
    0x200131e8        -       0x00000400   Zero   RW          731    STACK               startup_stm32l475xx.o


==============================================================================

Image component sizes


      Code (inc. data)   RO Data    RW Data    ZI Data      Debug   Object Name

       184         14          0          6          0       7878   delay.o
         0          0          0          0          0      11952   event_groups.o
       692         62          0         24      76800       4599   heap_4.o
        80          8          0          0          0        931   led.o
       148          0          0          0          0       3426   list.o
       324        114          0         12          0     810703   main.o
      1046         92          0         12          0      11865   port.o
      1786         20          0          0         64      16058   queue.o
        64         26        392          0       1536        864   startup_stm32l475xx.o
       106         14          0          4          0       3783   stm32l4xx_hal.o
       344         22          0          0          0      31725   stm32l4xx_hal_cortex.o
        92          0          0          0          0       1143   stm32l4xx_hal_dma.o
       534         36          0          0          0       3101   stm32l4xx_hal_gpio.o
         2          0          0          0          0        482   stm32l4xx_hal_msp.o
       156         18          0          0          0       1442   stm32l4xx_hal_pwr_ex.o
      2448         98          0          0          0       7568   stm32l4xx_hal_rcc.o
       772         40          0          0          0       6155   stm32l4xx_hal_tim.o
         6          0          0          0          0       2329   stm32l4xx_hal_tim_ex.o
      2710         64          0          0          0      12604   stm32l4xx_hal_uart.o
         2          0          0          0          0       1044   stm32l4xx_hal_uart_ex.o
        20          0          0          0          0       2925   stm32l4xx_it.o
       140          6          0          0          0       1077   sys.o
        80         12         72          4          0       1269   system_stm32l4xx.o
      2830        390          0         60        200      22780   tasks.o
       324         88          0          0        128       4359   timer.o
      1144        116          0         20         40      17863   timers.o
       448         56          0          7        320       5805   usart.o

    ----------------------------------------------------------------------
     16510       1296        496        152      79088     995730   Object Totals
         0          0         32          0          0          0   (incl. Generated)
        28          0          0          3          0          0   (incl. Padding)

    ----------------------------------------------------------------------

      Code (inc. data)   RO Data    RW Data    ZI Data      Debug   Library Member Name

         8          0          0          0          0         68   __main.o
        40          0          0          0          0         84   __printf_nopercent.o
         0          0          0          0          0          0   __rtentry.o
        12          0          0          0          0          0   __rtentry2.o
         6          0          0          0          0          0   __rtentry4.o
        52          8          0          0          0          0   __scatter.o
        26          0          0          0          0          0   __scatter_copy.o
        28          0          0          0          0          0   __scatter_zi.o
        48          6          0          0          0         96   _printf_char_common.o
        36          4          0          0          0         80   _printf_char_file.o
        16          0          0          0          0         68   aeabi_memset.o
        18          0          0          0          0         80   exit.o
         8          0          0          0          0         68   ferror.o
         6          0          0          0          0        152   heapauxi.o
         2          0          0          0          0          0   libinit.o
         6          0          0          0          0          0   libinit2.o
         2          0          0          0          0          0   libshutdown.o
         2          0          0          0          0          0   libshutdown2.o
         8          4          0          0         96         68   libspace.o
       238          0          0          0          0        100   lludivv7m.o
        24          4          0          0          0         84   noretval__2printf.o
        68          0          0          0          0         68   rt_memclr.o
        78          0          0          0          0         80   rt_memclr_w.o
       138          0          0          0          0         68   rt_memcpy_v6.o
       100          0          0          0          0         80   rt_memcpy_w.o
         2          0          0          0          0          0   rtexit.o
        10          0          0          0          0          0   rtexit2.o
        74          0          0          0          0         80   sys_stackheap_outer.o
         2          0          0          0          0         68   use_no_semi.o
         2          0          0          0          0         68   use_no_semi_2.o
        10          0          0          0          0        116   fpinit.o

    ----------------------------------------------------------------------
      1074         26          0          0         96       1576   Library Totals
         4          0          0          0          0          0   (incl. Padding)

    ----------------------------------------------------------------------

      Code (inc. data)   RO Data    RW Data    ZI Data      Debug   Library Name

      1060         26          0          0         96       1460   c_w.l
        10          0          0          0          0        116   fz_wm.l

    ----------------------------------------------------------------------
      1074         26          0          0         96       1576   Library Totals

    ----------------------------------------------------------------------

==============================================================================


      Code (inc. data)   RO Data    RW Data    ZI Data      Debug   

     17584       1322        496        152      79184     982478   Grand Totals
     17584       1322        496        152      79184     982478   ELF Image Totals
     17584       1322        496        152          0          0   ROM Totals

==============================================================================

    Total RO  Size (Code + RO Data)                18080 (  17.66kB)
    Total RW  Size (RW Data + ZI Data)             79336 (  77.48kB)
    Total ROM Size (Code + RO Data + RW Data)      18232 (  17.80kB)

==============================================================================

